<?xml version="1.0" encoding="ISO-8859-1" ?>
<link_info>
   <banner>TI ARM Clang Linker PC v3.2.0.LTS</banner>
   <copyright>Copyright (c) 1996-2018 Texas Instruments Incorporated</copyright>
   <link_time>0x657579c7</link_time>
   <link_errors>0x0</link_errors>
   <output_file>C:\Users\chris\workspace_v14\gpiointerrupt_CC3220S_LAUNCHXL_nortos_ticlang\MCU+Image\gpiointerrupt_CC3220S_LAUNCHXL_nortos_ticlang.out</output_file>
   <entry_point>
      <name>resetISR</name>
      <address>0x20011491</address>
   </entry_point>
   <input_file_list>
      <input_file id="fl-1">
         <path>C:\Users\chris\workspace_v14\gpiointerrupt_CC3220S_LAUNCHXL_nortos_ticlang\MCU+Image\.\</path>
         <kind>object</kind>
         <file>gpiointerrupt.o</file>
         <name>gpiointerrupt.o</name>
      </input_file>
      <input_file id="fl-2">
         <path>C:\Users\chris\workspace_v14\gpiointerrupt_CC3220S_LAUNCHXL_nortos_ticlang\MCU+Image\.\syscfg\</path>
         <kind>object</kind>
         <file>ti_drivers_config.o</file>
         <name>ti_drivers_config.o</name>
      </input_file>
      <input_file id="fl-3">
         <path>C:\Users\chris\workspace_v14\gpiointerrupt_CC3220S_LAUNCHXL_nortos_ticlang\MCU+Image\.\</path>
         <kind>object</kind>
         <file>main_nortos.o</file>
         <name>main_nortos.o</name>
      </input_file>
      <input_file id="fl-13">
         <path>C:\Users\chris\workspace_v14\gpiointerrupt_CC3220S_LAUNCHXL_nortos_ticlang\MCU+Image\</path>
         <kind>object</kind>
         <file>&lt;internal&gt;</file>
         <name>&lt;internal&gt;</name>
      </input_file>
      <input_file id="fl-14">
         <path>C:\ti\simplelink_cc32xx_sdk_7_10_00_13\source\ti\drivers\lib\ticlang\m4\</path>
         <kind>archive</kind>
         <file>drivers_cc32xx.a</file>
         <name>GPIO.c.obj</name>
      </input_file>
      <input_file id="fl-15">
         <path>C:\ti\simplelink_cc32xx_sdk_7_10_00_13\source\ti\drivers\lib\ticlang\m4\</path>
         <kind>archive</kind>
         <file>drivers_cc32xx.a</file>
         <name>GPIOCC32XX.c.obj</name>
      </input_file>
      <input_file id="fl-16">
         <path>C:\ti\simplelink_cc32xx_sdk_7_10_00_13\source\ti\drivers\lib\ticlang\m4\</path>
         <kind>archive</kind>
         <file>drivers_cc32xx.a</file>
         <name>I2C.c.obj</name>
      </input_file>
      <input_file id="fl-17">
         <path>C:\ti\simplelink_cc32xx_sdk_7_10_00_13\source\ti\drivers\lib\ticlang\m4\</path>
         <kind>archive</kind>
         <file>drivers_cc32xx.a</file>
         <name>I2CCC32XX.c.obj</name>
      </input_file>
      <input_file id="fl-18">
         <path>C:\ti\simplelink_cc32xx_sdk_7_10_00_13\source\ti\drivers\lib\ticlang\m4\</path>
         <kind>archive</kind>
         <file>drivers_cc32xx.a</file>
         <name>PowerCC32XX.c.obj</name>
      </input_file>
      <input_file id="fl-19">
         <path>C:\ti\simplelink_cc32xx_sdk_7_10_00_13\source\ti\drivers\lib\ticlang\m4\</path>
         <kind>archive</kind>
         <file>drivers_cc32xx.a</file>
         <name>PowerCC32XX_ticlang.asm.obj</name>
      </input_file>
      <input_file id="fl-1a">
         <path>C:\ti\simplelink_cc32xx_sdk_7_10_00_13\source\ti\drivers\lib\ticlang\m4\</path>
         <kind>archive</kind>
         <file>drivers_cc32xx.a</file>
         <name>Timer.c.obj</name>
      </input_file>
      <input_file id="fl-1b">
         <path>C:\ti\simplelink_cc32xx_sdk_7_10_00_13\source\ti\drivers\lib\ticlang\m4\</path>
         <kind>archive</kind>
         <file>drivers_cc32xx.a</file>
         <name>TimerCC32XX.c.obj</name>
      </input_file>
      <input_file id="fl-1c">
         <path>C:\ti\simplelink_cc32xx_sdk_7_10_00_13\source\ti\drivers\lib\ticlang\m4\</path>
         <kind>archive</kind>
         <file>drivers_cc32xx.a</file>
         <name>UART2.c.obj</name>
      </input_file>
      <input_file id="fl-1d">
         <path>C:\ti\simplelink_cc32xx_sdk_7_10_00_13\source\ti\drivers\lib\ticlang\m4\</path>
         <kind>archive</kind>
         <file>drivers_cc32xx.a</file>
         <name>UART2CC32XX.c.obj</name>
      </input_file>
      <input_file id="fl-1e">
         <path>C:\ti\simplelink_cc32xx_sdk_7_10_00_13\source\ti\drivers\lib\ticlang\m4\</path>
         <kind>archive</kind>
         <file>drivers_cc32xx.a</file>
         <name>List.c.obj</name>
      </input_file>
      <input_file id="fl-1f">
         <path>C:\ti\simplelink_cc32xx_sdk_7_10_00_13\source\ti\drivers\lib\ticlang\m4\</path>
         <kind>archive</kind>
         <file>drivers_cc32xx.a</file>
         <name>RingBuf.c.obj</name>
      </input_file>
      <input_file id="fl-20">
         <path>C:\ti\simplelink_cc32xx_sdk_7_10_00_13\source\ti\drivers\lib\ticlang\m4\</path>
         <kind>archive</kind>
         <file>drivers_cc32xx.a</file>
         <name>UDMACC32XX.c.obj</name>
      </input_file>
      <input_file id="fl-21">
         <path>C:\ti\simplelink_cc32xx_sdk_7_10_00_13\kernel\nortos\lib\ticlang\m4\</path>
         <kind>archive</kind>
         <file>nortos_cc32xx.a</file>
         <name>NoRTOS.c.obj</name>
      </input_file>
      <input_file id="fl-22">
         <path>C:\ti\simplelink_cc32xx_sdk_7_10_00_13\kernel\nortos\lib\ticlang\m4\</path>
         <kind>archive</kind>
         <file>nortos_cc32xx.a</file>
         <name>SemaphoreP_nortos.c.obj</name>
      </input_file>
      <input_file id="fl-23">
         <path>C:\ti\simplelink_cc32xx_sdk_7_10_00_13\kernel\nortos\lib\ticlang\m4\</path>
         <kind>archive</kind>
         <file>nortos_cc32xx.a</file>
         <name>ClockPSysTick_nortos.c.obj</name>
      </input_file>
      <input_file id="fl-24">
         <path>C:\ti\simplelink_cc32xx_sdk_7_10_00_13\kernel\nortos\lib\ticlang\m4\</path>
         <kind>archive</kind>
         <file>nortos_cc32xx.a</file>
         <name>HwiPCC32XX_nortos.c.obj</name>
      </input_file>
      <input_file id="fl-25">
         <path>C:\ti\simplelink_cc32xx_sdk_7_10_00_13\kernel\nortos\lib\ticlang\m4\</path>
         <kind>archive</kind>
         <file>nortos_cc32xx.a</file>
         <name>PowerCC32XX_nortos.c.obj</name>
      </input_file>
      <input_file id="fl-26">
         <path>C:\ti\simplelink_cc32xx_sdk_7_10_00_13\kernel\nortos\lib\ticlang\m4\</path>
         <kind>archive</kind>
         <file>nortos_cc32xx.a</file>
         <name>startup_cc32xx_ticlang.c.obj</name>
      </input_file>
      <input_file id="fl-27">
         <path>C:\ti\simplelink_cc32xx_sdk_7_10_00_13\kernel\nortos\lib\ticlang\m4\</path>
         <kind>archive</kind>
         <file>nortos_cc32xx.a</file>
         <name>SwiP_nortos.c.obj</name>
      </input_file>
      <input_file id="fl-28">
         <path>C:\ti\simplelink_cc32xx_sdk_7_10_00_13\source\ti\devices\cc32xx\driverlib\ticlang\Release\</path>
         <kind>archive</kind>
         <file>driverlib.a</file>
         <name>cpu.obj</name>
      </input_file>
      <input_file id="fl-29">
         <path>C:\ti\simplelink_cc32xx_sdk_7_10_00_13\source\ti\devices\cc32xx\driverlib\ticlang\Release\</path>
         <kind>archive</kind>
         <file>driverlib.a</file>
         <name>gpio.obj</name>
      </input_file>
      <input_file id="fl-2a">
         <path>C:\ti\simplelink_cc32xx_sdk_7_10_00_13\source\ti\devices\cc32xx\driverlib\ticlang\Release\</path>
         <kind>archive</kind>
         <file>driverlib.a</file>
         <name>hwspinlock.obj</name>
      </input_file>
      <input_file id="fl-2b">
         <path>C:\ti\simplelink_cc32xx_sdk_7_10_00_13\source\ti\devices\cc32xx\driverlib\ticlang\Release\</path>
         <kind>archive</kind>
         <file>driverlib.a</file>
         <name>i2c.obj</name>
      </input_file>
      <input_file id="fl-2c">
         <path>C:\ti\simplelink_cc32xx_sdk_7_10_00_13\source\ti\devices\cc32xx\driverlib\ticlang\Release\</path>
         <kind>archive</kind>
         <file>driverlib.a</file>
         <name>interrupt.obj</name>
      </input_file>
      <input_file id="fl-2d">
         <path>C:\ti\simplelink_cc32xx_sdk_7_10_00_13\source\ti\devices\cc32xx\driverlib\ticlang\Release\</path>
         <kind>archive</kind>
         <file>driverlib.a</file>
         <name>pin.obj</name>
      </input_file>
      <input_file id="fl-2e">
         <path>C:\ti\simplelink_cc32xx_sdk_7_10_00_13\source\ti\devices\cc32xx\driverlib\ticlang\Release\</path>
         <kind>archive</kind>
         <file>driverlib.a</file>
         <name>prcm.obj</name>
      </input_file>
      <input_file id="fl-2f">
         <path>C:\ti\simplelink_cc32xx_sdk_7_10_00_13\source\ti\devices\cc32xx\driverlib\ticlang\Release\</path>
         <kind>archive</kind>
         <file>driverlib.a</file>
         <name>spi.obj</name>
      </input_file>
      <input_file id="fl-30">
         <path>C:\ti\simplelink_cc32xx_sdk_7_10_00_13\source\ti\devices\cc32xx\driverlib\ticlang\Release\</path>
         <kind>archive</kind>
         <file>driverlib.a</file>
         <name>systick.obj</name>
      </input_file>
      <input_file id="fl-31">
         <path>C:\ti\simplelink_cc32xx_sdk_7_10_00_13\source\ti\devices\cc32xx\driverlib\ticlang\Release\</path>
         <kind>archive</kind>
         <file>driverlib.a</file>
         <name>timer.obj</name>
      </input_file>
      <input_file id="fl-32">
         <path>C:\ti\simplelink_cc32xx_sdk_7_10_00_13\source\ti\devices\cc32xx\driverlib\ticlang\Release\</path>
         <kind>archive</kind>
         <file>driverlib.a</file>
         <name>uart.obj</name>
      </input_file>
      <input_file id="fl-33">
         <path>C:\ti\simplelink_cc32xx_sdk_7_10_00_13\source\ti\devices\cc32xx\driverlib\ticlang\Release\</path>
         <kind>archive</kind>
         <file>driverlib.a</file>
         <name>udma.obj</name>
      </input_file>
      <input_file id="fl-34">
         <path>C:\ti\simplelink_cc32xx_sdk_7_10_00_13\source\ti\devices\cc32xx\driverlib\ticlang\Release\</path>
         <kind>archive</kind>
         <file>driverlib.a</file>
         <name>utils.obj</name>
      </input_file>
      <input_file id="fl-35">
         <path>C:\ti\simplelink_cc32xx_sdk_7_10_00_13\source\ti\devices\cc32xx\driverlib\ticlang\Release\</path>
         <kind>archive</kind>
         <file>driverlib.a</file>
         <name>flash.obj</name>
      </input_file>
      <input_file id="fl-42">
         <path>C:\ti\ccs1250\ccs\tools\compiler\ti-cgt-armllvm_3.2.0.LTS\lib\armv7em-ti-none-eabi\c\</path>
         <kind>archive</kind>
         <file>libc.a</file>
         <name>snprintf.c.obj</name>
      </input_file>
      <input_file id="fl-43">
         <path>C:\ti\ccs1250\ccs\tools\compiler\ti-cgt-armllvm_3.2.0.LTS\lib\armv7em-ti-none-eabi\c\</path>
         <kind>archive</kind>
         <file>libc.a</file>
         <name>memory.c.obj</name>
      </input_file>
      <input_file id="fl-44">
         <path>C:\ti\ccs1250\ccs\tools\compiler\ti-cgt-armllvm_3.2.0.LTS\lib\armv7em-ti-none-eabi\c\</path>
         <kind>archive</kind>
         <file>libc.a</file>
         <name>boot_cortex_m.c.obj</name>
      </input_file>
      <input_file id="fl-45">
         <path>C:\ti\ccs1250\ccs\tools\compiler\ti-cgt-armllvm_3.2.0.LTS\lib\armv7em-ti-none-eabi\c\</path>
         <kind>archive</kind>
         <file>libc.a</file>
         <name>mathacl_init.c.obj</name>
      </input_file>
      <input_file id="fl-46">
         <path>C:\ti\ccs1250\ccs\tools\compiler\ti-cgt-armllvm_3.2.0.LTS\lib\armv7em-ti-none-eabi\c\</path>
         <kind>archive</kind>
         <file>libc.a</file>
         <name>autoinit.c.obj</name>
      </input_file>
      <input_file id="fl-47">
         <path>C:\ti\ccs1250\ccs\tools\compiler\ti-cgt-armllvm_3.2.0.LTS\lib\armv7em-ti-none-eabi\c\</path>
         <kind>archive</kind>
         <file>libc.a</file>
         <name>pre_init.c.obj</name>
      </input_file>
      <input_file id="fl-48">
         <path>C:\ti\ccs1250\ccs\tools\compiler\ti-cgt-armllvm_3.2.0.LTS\lib\armv7em-ti-none-eabi\c\</path>
         <kind>archive</kind>
         <file>libc.a</file>
         <name>cpy_tbl.c.obj</name>
      </input_file>
      <input_file id="fl-49">
         <path>C:\ti\ccs1250\ccs\tools\compiler\ti-cgt-armllvm_3.2.0.LTS\lib\armv7em-ti-none-eabi\c\</path>
         <kind>archive</kind>
         <file>libc.a</file>
         <name>copy_zero_init.c.obj</name>
      </input_file>
      <input_file id="fl-4a">
         <path>C:\ti\ccs1250\ccs\tools\compiler\ti-cgt-armllvm_3.2.0.LTS\lib\armv7em-ti-none-eabi\c\</path>
         <kind>archive</kind>
         <file>libc.a</file>
         <name>copy_decompress_none.c.obj</name>
      </input_file>
      <input_file id="fl-4b">
         <path>C:\ti\ccs1250\ccs\tools\compiler\ti-cgt-armllvm_3.2.0.LTS\lib\armv7em-ti-none-eabi\c\</path>
         <kind>archive</kind>
         <file>libc.a</file>
         <name>copy_decompress_lzss.c.obj</name>
      </input_file>
      <input_file id="fl-4c">
         <path>C:\ti\ccs1250\ccs\tools\compiler\ti-cgt-armllvm_3.2.0.LTS\lib\armv7em-ti-none-eabi\c\</path>
         <kind>archive</kind>
         <file>libc.a</file>
         <name>_printfi.c.obj</name>
      </input_file>
      <input_file id="fl-4d">
         <path>C:\ti\ccs1250\ccs\tools\compiler\ti-cgt-armllvm_3.2.0.LTS\lib\armv7em-ti-none-eabi\c\</path>
         <kind>archive</kind>
         <file>libc.a</file>
         <name>wcslen.c.obj</name>
      </input_file>
      <input_file id="fl-4e">
         <path>C:\ti\ccs1250\ccs\tools\compiler\ti-cgt-armllvm_3.2.0.LTS\lib\armv7em-ti-none-eabi\c\</path>
         <kind>archive</kind>
         <file>libc.a</file>
         <name>aeabi_portable.c.obj</name>
      </input_file>
      <input_file id="fl-4f">
         <path>C:\ti\ccs1250\ccs\tools\compiler\ti-cgt-armllvm_3.2.0.LTS\lib\armv7em-ti-none-eabi\c\</path>
         <kind>archive</kind>
         <file>libc.a</file>
         <name>exit.c.obj</name>
      </input_file>
      <input_file id="fl-50">
         <path>C:\ti\ccs1250\ccs\tools\compiler\ti-cgt-armllvm_3.2.0.LTS\lib\armv7em-ti-none-eabi\c\</path>
         <kind>archive</kind>
         <file>libc.a</file>
         <name>_lock.c.obj</name>
      </input_file>
      <input_file id="fl-51">
         <path>C:\ti\ccs1250\ccs\tools\compiler\ti-cgt-armllvm_3.2.0.LTS\lib\armv7em-ti-none-eabi\c\</path>
         <kind>archive</kind>
         <file>libc.a</file>
         <name>_ltoa.c.obj</name>
      </input_file>
      <input_file id="fl-52">
         <path>C:\ti\ccs1250\ccs\tools\compiler\ti-cgt-armllvm_3.2.0.LTS\lib\armv7em-ti-none-eabi\c\</path>
         <kind>archive</kind>
         <file>libc.a</file>
         <name>args_main.c.obj</name>
      </input_file>
      <input_file id="fl-53">
         <path>C:\ti\ccs1250\ccs\tools\compiler\ti-cgt-armllvm_3.2.0.LTS\lib\armv7em-ti-none-eabi\c\</path>
         <kind>archive</kind>
         <file>libc.a</file>
         <name>assert.c.obj</name>
      </input_file>
      <input_file id="fl-54">
         <path>C:\ti\ccs1250\ccs\tools\compiler\ti-cgt-armllvm_3.2.0.LTS\lib\armv7em-ti-none-eabi\c\</path>
         <kind>archive</kind>
         <file>libc.a</file>
         <name>atoi.c.obj</name>
      </input_file>
      <input_file id="fl-55">
         <path>C:\ti\ccs1250\ccs\tools\compiler\ti-cgt-armllvm_3.2.0.LTS\lib\armv7em-ti-none-eabi\c\</path>
         <kind>archive</kind>
         <file>libc.a</file>
         <name>defs.c.obj</name>
      </input_file>
      <input_file id="fl-56">
         <path>C:\ti\ccs1250\ccs\tools\compiler\ti-cgt-armllvm_3.2.0.LTS\lib\armv7em-ti-none-eabi\c\</path>
         <kind>archive</kind>
         <file>libc.a</file>
         <name>memccpy.c.obj</name>
      </input_file>
      <input_file id="fl-57">
         <path>C:\ti\ccs1250\ccs\tools\compiler\ti-cgt-armllvm_3.2.0.LTS\lib\armv7em-ti-none-eabi\c\</path>
         <kind>archive</kind>
         <file>libc.a</file>
         <name>s_frexp.c.obj</name>
      </input_file>
      <input_file id="fl-58">
         <path>C:\ti\ccs1250\ccs\tools\compiler\ti-cgt-armllvm_3.2.0.LTS\lib\armv7em-ti-none-eabi\c\</path>
         <kind>archive</kind>
         <file>libc.a</file>
         <name>s_scalbn.c.obj</name>
      </input_file>
      <input_file id="fl-59">
         <path>C:\ti\ccs1250\ccs\tools\compiler\ti-cgt-armllvm_3.2.0.LTS\lib\armv7em-ti-none-eabi\c\</path>
         <kind>archive</kind>
         <file>libc.a</file>
         <name>sprintf.c.obj</name>
      </input_file>
      <input_file id="fl-5a">
         <path>C:\ti\ccs1250\ccs\tools\compiler\ti-cgt-armllvm_3.2.0.LTS\lib\armv7em-ti-none-eabi\c\</path>
         <kind>archive</kind>
         <file>libc.a</file>
         <name>fflush.c.obj</name>
      </input_file>
      <input_file id="fl-5b">
         <path>C:\ti\ccs1250\ccs\tools\compiler\ti-cgt-armllvm_3.2.0.LTS\lib\armv7em-ti-none-eabi\c\</path>
         <kind>archive</kind>
         <file>libc.a</file>
         <name>fputs.c.obj</name>
      </input_file>
      <input_file id="fl-5c">
         <path>C:\ti\ccs1250\ccs\tools\compiler\ti-cgt-armllvm_3.2.0.LTS\lib\armv7em-ti-none-eabi\c\</path>
         <kind>archive</kind>
         <file>libc.a</file>
         <name>_io_perm.c.obj</name>
      </input_file>
      <input_file id="fl-5d">
         <path>C:\ti\ccs1250\ccs\tools\compiler\ti-cgt-armllvm_3.2.0.LTS\lib\armv7em-ti-none-eabi\c\</path>
         <kind>archive</kind>
         <file>libc.a</file>
         <name>setvbuf.c.obj</name>
      </input_file>
      <input_file id="fl-5e">
         <path>C:\ti\ccs1250\ccs\tools\compiler\ti-cgt-armllvm_3.2.0.LTS\lib\armv7em-ti-none-eabi\c\</path>
         <kind>archive</kind>
         <file>libc.a</file>
         <name>aeabi_ctype.S.obj</name>
      </input_file>
      <input_file id="fl-5f">
         <path>C:\ti\ccs1250\ccs\tools\compiler\ti-cgt-armllvm_3.2.0.LTS\lib\armv7em-ti-none-eabi\c\</path>
         <kind>archive</kind>
         <file>libc.a</file>
         <name>fopen.c.obj</name>
      </input_file>
      <input_file id="fl-60">
         <path>C:\ti\ccs1250\ccs\tools\compiler\ti-cgt-armllvm_3.2.0.LTS\lib\armv7em-ti-none-eabi\c\</path>
         <kind>archive</kind>
         <file>libc.a</file>
         <name>fseek.c.obj</name>
      </input_file>
      <input_file id="fl-61">
         <path>C:\ti\ccs1250\ccs\tools\compiler\ti-cgt-armllvm_3.2.0.LTS\lib\armv7em-ti-none-eabi\c\</path>
         <kind>archive</kind>
         <file>libc.a</file>
         <name>fclose.c.obj</name>
      </input_file>
      <input_file id="fl-c5">
         <path>C:\ti\ccs1250\ccs\tools\compiler\ti-cgt-armllvm_3.2.0.LTS\lib\armv7em-ti-none-eabi\c\</path>
         <kind>archive</kind>
         <file>libsysbm.a</file>
         <name>write.c.obj</name>
      </input_file>
      <input_file id="fl-c6">
         <path>C:\ti\ccs1250\ccs\tools\compiler\ti-cgt-armllvm_3.2.0.LTS\lib\armv7em-ti-none-eabi\c\</path>
         <kind>archive</kind>
         <file>libsysbm.a</file>
         <name>host_device.c.obj</name>
      </input_file>
      <input_file id="fl-c7">
         <path>C:\ti\ccs1250\ccs\tools\compiler\ti-cgt-armllvm_3.2.0.LTS\lib\armv7em-ti-none-eabi\c\</path>
         <kind>archive</kind>
         <file>libsysbm.a</file>
         <name>remove.c.obj</name>
      </input_file>
      <input_file id="fl-c8">
         <path>C:\ti\ccs1250\ccs\tools\compiler\ti-cgt-armllvm_3.2.0.LTS\lib\armv7em-ti-none-eabi\c\</path>
         <kind>archive</kind>
         <file>libsysbm.a</file>
         <name>open.c.obj</name>
      </input_file>
      <input_file id="fl-c9">
         <path>C:\ti\ccs1250\ccs\tools\compiler\ti-cgt-armllvm_3.2.0.LTS\lib\armv7em-ti-none-eabi\c\</path>
         <kind>archive</kind>
         <file>libsysbm.a</file>
         <name>lseek.c.obj</name>
      </input_file>
      <input_file id="fl-ca">
         <path>C:\ti\ccs1250\ccs\tools\compiler\ti-cgt-armllvm_3.2.0.LTS\lib\armv7em-ti-none-eabi\c\</path>
         <kind>archive</kind>
         <file>libsysbm.a</file>
         <name>close.c.obj</name>
      </input_file>
      <input_file id="fl-cb">
         <path>C:\ti\ccs1250\ccs\tools\compiler\ti-cgt-armllvm_3.2.0.LTS\lib\armv7em-ti-none-eabi\c\</path>
         <kind>archive</kind>
         <file>libsysbm.a</file>
         <name>unlink.c.obj</name>
      </input_file>
      <input_file id="fl-cc">
         <path>C:\ti\ccs1250\ccs\tools\compiler\ti-cgt-armllvm_3.2.0.LTS\lib\armv7em-ti-none-eabi\c\</path>
         <kind>archive</kind>
         <file>libsysbm.a</file>
         <name>hostclose.c.obj</name>
      </input_file>
      <input_file id="fl-cd">
         <path>C:\ti\ccs1250\ccs\tools\compiler\ti-cgt-armllvm_3.2.0.LTS\lib\armv7em-ti-none-eabi\c\</path>
         <kind>archive</kind>
         <file>libsysbm.a</file>
         <name>hostlseek.c.obj</name>
      </input_file>
      <input_file id="fl-ce">
         <path>C:\ti\ccs1250\ccs\tools\compiler\ti-cgt-armllvm_3.2.0.LTS\lib\armv7em-ti-none-eabi\c\</path>
         <kind>archive</kind>
         <file>libsysbm.a</file>
         <name>hostopen.c.obj</name>
      </input_file>
      <input_file id="fl-cf">
         <path>C:\ti\ccs1250\ccs\tools\compiler\ti-cgt-armllvm_3.2.0.LTS\lib\armv7em-ti-none-eabi\c\</path>
         <kind>archive</kind>
         <file>libsysbm.a</file>
         <name>hostread.c.obj</name>
      </input_file>
      <input_file id="fl-d0">
         <path>C:\ti\ccs1250\ccs\tools\compiler\ti-cgt-armllvm_3.2.0.LTS\lib\armv7em-ti-none-eabi\c\</path>
         <kind>archive</kind>
         <file>libsysbm.a</file>
         <name>hostrename.c.obj</name>
      </input_file>
      <input_file id="fl-d1">
         <path>C:\ti\ccs1250\ccs\tools\compiler\ti-cgt-armllvm_3.2.0.LTS\lib\armv7em-ti-none-eabi\c\</path>
         <kind>archive</kind>
         <file>libsysbm.a</file>
         <name>hostunlink.c.obj</name>
      </input_file>
      <input_file id="fl-d2">
         <path>C:\ti\ccs1250\ccs\tools\compiler\ti-cgt-armllvm_3.2.0.LTS\lib\armv7em-ti-none-eabi\c\</path>
         <kind>archive</kind>
         <file>libsysbm.a</file>
         <name>hostwrite.c.obj</name>
      </input_file>
      <input_file id="fl-d3">
         <path>C:\ti\ccs1250\ccs\tools\compiler\ti-cgt-armllvm_3.2.0.LTS\lib\armv7em-ti-none-eabi\c\</path>
         <kind>archive</kind>
         <file>libsysbm.a</file>
         <name>trgmsg.c.obj</name>
      </input_file>
      <input_file id="fl-d4">
         <path>C:\ti\ccs1250\ccs\tools\compiler\ti-cgt-armllvm_3.2.0.LTS\lib\clang\15.0.7\lib\armv7em-ti-none-eabi\</path>
         <kind>archive</kind>
         <file>libclang_rt.builtins.a</file>
         <name>adddf3.S.obj</name>
      </input_file>
      <input_file id="fl-d5">
         <path>C:\ti\ccs1250\ccs\tools\compiler\ti-cgt-armllvm_3.2.0.LTS\lib\clang\15.0.7\lib\armv7em-ti-none-eabi\</path>
         <kind>archive</kind>
         <file>libclang_rt.builtins.a</file>
         <name>muldf3.S.obj</name>
      </input_file>
      <input_file id="fl-d6">
         <path>C:\ti\ccs1250\ccs\tools\compiler\ti-cgt-armllvm_3.2.0.LTS\lib\clang\15.0.7\lib\armv7em-ti-none-eabi\</path>
         <kind>archive</kind>
         <file>libclang_rt.builtins.a</file>
         <name>divdf3.S.obj</name>
      </input_file>
      <input_file id="fl-d7">
         <path>C:\ti\ccs1250\ccs\tools\compiler\ti-cgt-armllvm_3.2.0.LTS\lib\clang\15.0.7\lib\armv7em-ti-none-eabi\</path>
         <kind>archive</kind>
         <file>libclang_rt.builtins.a</file>
         <name>fixdfsi.S.obj</name>
      </input_file>
      <input_file id="fl-d8">
         <path>C:\ti\ccs1250\ccs\tools\compiler\ti-cgt-armllvm_3.2.0.LTS\lib\clang\15.0.7\lib\armv7em-ti-none-eabi\</path>
         <kind>archive</kind>
         <file>libclang_rt.builtins.a</file>
         <name>floatsidf.S.obj</name>
      </input_file>
      <input_file id="fl-d9">
         <path>C:\ti\ccs1250\ccs\tools\compiler\ti-cgt-armllvm_3.2.0.LTS\lib\clang\15.0.7\lib\armv7em-ti-none-eabi\</path>
         <kind>archive</kind>
         <file>libclang_rt.builtins.a</file>
         <name>aeabi_dcmp.S.obj</name>
      </input_file>
      <input_file id="fl-da">
         <path>C:\ti\ccs1250\ccs\tools\compiler\ti-cgt-armllvm_3.2.0.LTS\lib\clang\15.0.7\lib\armv7em-ti-none-eabi\</path>
         <kind>archive</kind>
         <file>libclang_rt.builtins.a</file>
         <name>aeabi_memcpy.S.obj</name>
      </input_file>
      <input_file id="fl-db">
         <path>C:\ti\ccs1250\ccs\tools\compiler\ti-cgt-armllvm_3.2.0.LTS\lib\clang\15.0.7\lib\armv7em-ti-none-eabi\</path>
         <kind>archive</kind>
         <file>libclang_rt.builtins.a</file>
         <name>aeabi_memset.S.obj</name>
      </input_file>
      <input_file id="fl-dc">
         <path>C:\ti\ccs1250\ccs\tools\compiler\ti-cgt-armllvm_3.2.0.LTS\lib\clang\15.0.7\lib\armv7em-ti-none-eabi\</path>
         <kind>archive</kind>
         <file>libclang_rt.builtins.a</file>
         <name>aeabi_uldivmod.S.obj</name>
      </input_file>
      <input_file id="fl-dd">
         <path>C:\ti\ccs1250\ccs\tools\compiler\ti-cgt-armllvm_3.2.0.LTS\lib\clang\15.0.7\lib\armv7em-ti-none-eabi\</path>
         <kind>archive</kind>
         <file>libclang_rt.builtins.a</file>
         <name>udivmoddi4.S.obj</name>
      </input_file>
      <input_file id="fl-de">
         <path>C:\ti\ccs1250\ccs\tools\compiler\ti-cgt-armllvm_3.2.0.LTS\lib\clang\15.0.7\lib\armv7em-ti-none-eabi\</path>
         <kind>archive</kind>
         <file>libclang_rt.builtins.a</file>
         <name>comparedf2.c.obj</name>
      </input_file>
      <input_file id="fl-df">
         <path>C:\ti\ccs1250\ccs\tools\compiler\ti-cgt-armllvm_3.2.0.LTS\lib\clang\15.0.7\lib\armv7em-ti-none-eabi\</path>
         <kind>archive</kind>
         <file>libclang_rt.builtins.a</file>
         <name>aeabi_div0.c.obj</name>
      </input_file>
      <input_file id="fl-e0">
         <path>C:\ti\ccs1250\ccs\tools\compiler\ti-cgt-armllvm_3.2.0.LTS\lib\armv7em-ti-none-eabi\c\</path>
         <kind>archive</kind>
         <file>libc.a</file>
         <name>getdevice.c.obj</name>
      </input_file>
      <input_file id="fl-e1">
         <path>C:\ti\ccs1250\ccs\tools\compiler\ti-cgt-armllvm_3.2.0.LTS\lib\armv7em-ti-none-eabi\c\</path>
         <kind>archive</kind>
         <file>libc.a</file>
         <name>strcmp_t2.S.obj</name>
      </input_file>
      <input_file id="fl-e2">
         <path>C:\ti\ccs1250\ccs\tools\compiler\ti-cgt-armllvm_3.2.0.LTS\lib\armv7em-ti-none-eabi\c\</path>
         <kind>archive</kind>
         <file>libc.a</file>
         <name>memcpy_t2.S.obj</name>
      </input_file>
      <input_file id="fl-e3">
         <path>C:\ti\ccs1250\ccs\tools\compiler\ti-cgt-armllvm_3.2.0.LTS\lib\armv7em-ti-none-eabi\c\</path>
         <kind>archive</kind>
         <file>libc.a</file>
         <name>memset_t2.S.obj</name>
      </input_file>
   </input_file_list>
   <object_component_list>
      <object_component id="oc-2a5">
         <name>.text:__TI_printfi_nofloat</name>
         <load_address>0x2000c040</load_address>
         <readonly>true</readonly>
         <executable>true</executable>
         <run_address>0x2000c040</run_address>
         <size>0x86c</size>
         <alignment>0x4</alignment>
         <input_file_ref idref="fl-4c"/>
      </object_component>
      <object_component id="oc-d2">
         <name>.text.PRCMCC3200MCUInit</name>
         <load_address>0x2000c8ac</load_address>
         <readonly>true</readonly>
         <executable>true</executable>
         <run_address>0x2000c8ac</run_address>
         <size>0x4b8</size>
         <alignment>0x2</alignment>
         <input_file_ref idref="fl-2e"/>
      </object_component>
      <object_component id="oc-237">
         <name>.text.Power_sleep</name>
         <load_address>0x2000cd64</load_address>
         <readonly>true</readonly>
         <executable>true</executable>
         <run_address>0x2000cd64</run_address>
         <size>0x3e4</size>
         <alignment>0x4</alignment>
         <input_file_ref idref="fl-18"/>
      </object_component>
      <object_component id="oc-1e6">
         <name>.text.UART2CC32XX_hwiIntFxn</name>
         <load_address>0x2000d148</load_address>
         <readonly>true</readonly>
         <executable>true</executable>
         <run_address>0x2000d148</run_address>
         <size>0x222</size>
         <alignment>0x2</alignment>
         <input_file_ref idref="fl-1d"/>
      </object_component>
      <object_component id="oc-e2">
         <name>.text.Board_initHook</name>
         <load_address>0x2000d36a</load_address>
         <readonly>true</readonly>
         <executable>true</executable>
         <run_address>0x2000d36a</run_address>
         <size>0x2</size>
         <alignment>0x2</alignment>
         <input_file_ref idref="fl-2"/>
      </object_component>
      <object_component id="oc-13f">
         <name>.text.UART2_open</name>
         <load_address>0x2000d36c</load_address>
         <readonly>true</readonly>
         <executable>true</executable>
         <run_address>0x2000d36c</run_address>
         <size>0x1cc</size>
         <alignment>0x4</alignment>
         <input_file_ref idref="fl-1d"/>
      </object_component>
      <object_component id="oc-285">
         <name>.text.UART2_writeTimeoutBlocking</name>
         <load_address>0x2000d538</load_address>
         <readonly>true</readonly>
         <executable>true</executable>
         <run_address>0x2000d538</run_address>
         <size>0x174</size>
         <alignment>0x2</alignment>
         <input_file_ref idref="fl-1c"/>
      </object_component>
      <object_component id="oc-ee">
         <name>.text.initI2C</name>
         <load_address>0x2000d6ac</load_address>
         <readonly>true</readonly>
         <executable>true</executable>
         <run_address>0x2000d6ac</run_address>
         <size>0x154</size>
         <alignment>0x4</alignment>
         <input_file_ref idref="fl-1"/>
      </object_component>
      <object_component id="oc-1ad">
         <name>.text.PowerCC32XX_sleepPolicy</name>
         <load_address>0x2000d800</load_address>
         <readonly>true</readonly>
         <executable>true</executable>
         <run_address>0x2000d800</run_address>
         <size>0x150</size>
         <alignment>0x4</alignment>
         <input_file_ref idref="fl-25"/>
      </object_component>
      <object_component id="oc-17d">
         <name>.text.Timer_open</name>
         <load_address>0x2000d950</load_address>
         <readonly>true</readonly>
         <executable>true</executable>
         <run_address>0x2000d950</run_address>
         <size>0x148</size>
         <alignment>0x4</alignment>
         <input_file_ref idref="fl-1b"/>
      </object_component>
      <object_component id="oc-f8">
         <name>.text.GPIO_setConfig</name>
         <load_address>0x2000da98</load_address>
         <readonly>true</readonly>
         <executable>true</executable>
         <run_address>0x2000da98</run_address>
         <size>0x140</size>
         <alignment>0x4</alignment>
         <input_file_ref idref="fl-15"/>
      </object_component>
      <object_component id="oc-1f7">
         <name>.text.I2CCC32XX_hwiFxn</name>
         <load_address>0x2000dbd8</load_address>
         <readonly>true</readonly>
         <executable>true</executable>
         <run_address>0x2000dbd8</run_address>
         <size>0x138</size>
         <alignment>0x2</alignment>
         <input_file_ref idref="fl-17"/>
      </object_component>
      <object_component id="oc-1fb">
         <name>.text.I2C_transferTimeout</name>
         <load_address>0x2000dd10</load_address>
         <readonly>true</readonly>
         <executable>true</executable>
         <run_address>0x2000dd10</run_address>
         <size>0x126</size>
         <alignment>0x2</alignment>
         <input_file_ref idref="fl-16"/>
      </object_component>
      <object_component id="oc-148">
         <name>.text.I2C_init</name>
         <load_address>0x2000de36</load_address>
         <readonly>true</readonly>
         <executable>true</executable>
         <run_address>0x2000de36</run_address>
         <size>0x2</size>
         <alignment>0x2</alignment>
         <input_file_ref idref="fl-16"/>
      </object_component>
      <object_component id="oc-2c8">
         <name>.text.aligned_alloc</name>
         <load_address>0x2000de38</load_address>
         <readonly>true</readonly>
         <executable>true</executable>
         <run_address>0x2000de38</run_address>
         <size>0x120</size>
         <alignment>0x4</alignment>
         <input_file_ref idref="fl-43"/>
      </object_component>
      <object_component id="oc-284">
         <name>.text.UART2_writeTimeoutNonblocking</name>
         <load_address>0x2000df58</load_address>
         <readonly>true</readonly>
         <executable>true</executable>
         <run_address>0x2000df58</run_address>
         <size>0x11a</size>
         <alignment>0x2</alignment>
         <input_file_ref idref="fl-1c"/>
      </object_component>
      <object_component id="oc-301">
         <name>.text.uDMAChannelTransferSet</name>
         <load_address>0x2000e072</load_address>
         <readonly>true</readonly>
         <executable>true</executable>
         <run_address>0x2000e072</run_address>
         <size>0x112</size>
         <alignment>0x2</alignment>
         <input_file_ref idref="fl-33"/>
      </object_component>
      <object_component id="oc-2be">
         <name>.text.__muldf3</name>
         <load_address>0x2000e184</load_address>
         <readonly>true</readonly>
         <executable>true</executable>
         <run_address>0x2000e184</run_address>
         <size>0xfc</size>
         <alignment>0x4</alignment>
         <input_file_ref idref="fl-d5"/>
      </object_component>
      <object_component id="oc-1b4">
         <name>.text.free</name>
         <load_address>0x2000e280</load_address>
         <readonly>true</readonly>
         <executable>true</executable>
         <run_address>0x2000e280</run_address>
         <size>0xf0</size>
         <alignment>0x4</alignment>
         <input_file_ref idref="fl-43"/>
      </object_component>
      <object_component id="oc-14e">
         <name>.text.I2C_open</name>
         <load_address>0x2000e370</load_address>
         <readonly>true</readonly>
         <executable>true</executable>
         <run_address>0x2000e370</run_address>
         <size>0xe8</size>
         <alignment>0x4</alignment>
         <input_file_ref idref="fl-17"/>
      </object_component>
      <object_component id="oc-1e1">
         <name>.text.UART2_close</name>
         <load_address>0x2000e458</load_address>
         <readonly>true</readonly>
         <executable>true</executable>
         <run_address>0x2000e458</run_address>
         <size>0xe8</size>
         <alignment>0x4</alignment>
         <input_file_ref idref="fl-1d"/>
      </object_component>
      <object_component id="oc-280">
         <name>.text.UART2Support_dmaStartRx</name>
         <load_address>0x2000e540</load_address>
         <readonly>true</readonly>
         <executable>true</executable>
         <run_address>0x2000e540</run_address>
         <size>0xcc</size>
         <alignment>0x4</alignment>
         <input_file_ref idref="fl-1d"/>
      </object_component>
      <object_component id="oc-2f4">
         <name>.text.IntDisable</name>
         <load_address>0x2000e60c</load_address>
         <readonly>true</readonly>
         <executable>true</executable>
         <run_address>0x2000e60c</run_address>
         <size>0xc8</size>
         <alignment>0x2</alignment>
         <input_file_ref idref="fl-2c"/>
      </object_component>
      <object_component id="oc-269">
         <name>.text.IntEnable</name>
         <load_address>0x2000e6d4</load_address>
         <readonly>true</readonly>
         <executable>true</executable>
         <run_address>0x2000e6d4</run_address>
         <size>0xc8</size>
         <alignment>0x2</alignment>
         <input_file_ref idref="fl-2c"/>
      </object_component>
      <object_component id="oc-1dd">
         <name>.text.UART2CC32XX_initHw</name>
         <load_address>0x2000e79c</load_address>
         <readonly>true</readonly>
         <executable>true</executable>
         <run_address>0x2000e79c</run_address>
         <size>0xc4</size>
         <alignment>0x4</alignment>
         <input_file_ref idref="fl-1d"/>
      </object_component>
      <object_component id="oc-283">
         <name>.text.UART2Support_dmaStartTx</name>
         <load_address>0x2000e860</load_address>
         <readonly>true</readonly>
         <executable>true</executable>
         <run_address>0x2000e860</run_address>
         <size>0xb8</size>
         <alignment>0x4</alignment>
         <input_file_ref idref="fl-1d"/>
      </object_component>
      <object_component id="oc-2cf">
         <name>.text</name>
         <load_address>0x2000e918</load_address>
         <readonly>true</readonly>
         <executable>true</executable>
         <run_address>0x2000e918</run_address>
         <size>0xb0</size>
         <alignment>0x4</alignment>
         <input_file_ref idref="fl-dd"/>
      </object_component>
      <object_component id="oc-21c">
         <name>.text.GPIOIntTypeSet</name>
         <load_address>0x2000e9c8</load_address>
         <readonly>true</readonly>
         <executable>true</executable>
         <run_address>0x2000e9c8</run_address>
         <size>0xac</size>
         <alignment>0x2</alignment>
         <input_file_ref idref="fl-29"/>
      </object_component>
      <object_component id="oc-34c">
         <name>.text.IntPendSet</name>
         <load_address>0x2000ea74</load_address>
         <readonly>true</readonly>
         <executable>true</executable>
         <run_address>0x2000ea74</run_address>
         <size>0xa4</size>
         <alignment>0x2</alignment>
         <input_file_ref idref="fl-2c"/>
      </object_component>
      <object_component id="oc-18a">
         <name>.text.PinConfigSet</name>
         <load_address>0x2000eb18</load_address>
         <readonly>true</readonly>
         <executable>true</executable>
         <run_address>0x2000eb18</run_address>
         <size>0xa2</size>
         <alignment>0x2</alignment>
         <input_file_ref idref="fl-2d"/>
      </object_component>
      <object_component id="oc-298">
         <name>.text.I2CCC32XX_completeTransfer</name>
         <load_address>0x2000ebba</load_address>
         <readonly>true</readonly>
         <executable>true</executable>
         <run_address>0x2000ebba</run_address>
         <size>0x9c</size>
         <alignment>0x2</alignment>
         <input_file_ref idref="fl-17"/>
      </object_component>
      <object_component id="oc-289">
         <name>.text.I2CMasterInitExpClk</name>
         <load_address>0x2000ec56</load_address>
         <readonly>true</readonly>
         <executable>true</executable>
         <run_address>0x2000ec56</run_address>
         <size>0x98</size>
         <alignment>0x2</alignment>
         <input_file_ref idref="fl-2b"/>
      </object_component>
      <object_component id="oc-1a8">
         <name>.text.PowerCC32XX_initPolicy</name>
         <load_address>0x2000ecee</load_address>
         <readonly>true</readonly>
         <executable>true</executable>
         <run_address>0x2000ecee</run_address>
         <size>0x2</size>
         <alignment>0x2</alignment>
         <input_file_ref idref="fl-25"/>
      </object_component>
      <object_component id="oc-12c">
         <name>.text.SemaphoreP_pend</name>
         <load_address>0x2000ecf0</load_address>
         <readonly>true</readonly>
         <executable>true</executable>
         <run_address>0x2000ecf0</run_address>
         <size>0x98</size>
         <alignment>0x4</alignment>
         <input_file_ref idref="fl-22"/>
      </object_component>
      <object_component id="oc-129">
         <name>.text.HwiP_disable</name>
         <load_address>0x2000ed88</load_address>
         <readonly>true</readonly>
         <executable>true</executable>
         <run_address>0x2000ed88</run_address>
         <size>0x8</size>
         <alignment>0x2</alignment>
         <input_file_ref idref="fl-24"/>
      </object_component>
      <object_component id="oc-2db">
         <name>.text</name>
         <load_address>0x2000ed90</load_address>
         <readonly>true</readonly>
         <executable>true</executable>
         <run_address>0x2000ed90</run_address>
         <size>0x96</size>
         <alignment>0x10</alignment>
         <input_file_ref idref="fl-19"/>
      </object_component>
      <object_component id="oc-262">
         <name>.text.uDMAChannelAttributeDisable</name>
         <load_address>0x2000ee26</load_address>
         <readonly>true</readonly>
         <executable>true</executable>
         <run_address>0x2000ee26</run_address>
         <size>0x92</size>
         <alignment>0x2</alignment>
         <input_file_ref idref="fl-33"/>
      </object_component>
      <object_component id="oc-dc">
         <name>.text.GPIO_init</name>
         <load_address>0x2000eeb8</load_address>
         <readonly>true</readonly>
         <executable>true</executable>
         <run_address>0x2000eeb8</run_address>
         <size>0x90</size>
         <alignment>0x4</alignment>
         <input_file_ref idref="fl-15"/>
      </object_component>
      <object_component id="oc-10b">
         <name>.text.PRCMSysResetCauseGet</name>
         <load_address>0x2000ef48</load_address>
         <readonly>true</readonly>
         <executable>true</executable>
         <run_address>0x2000ef48</run_address>
         <size>0x8e</size>
         <alignment>0x2</alignment>
         <input_file_ref idref="fl-2e"/>
      </object_component>
      <object_component id="oc-272">
         <name>.text.SemaphoreP_destruct</name>
         <load_address>0x2000efd6</load_address>
         <readonly>true</readonly>
         <executable>true</executable>
         <run_address>0x2000efd6</run_address>
         <size>0x2</size>
         <alignment>0x2</alignment>
         <input_file_ref idref="fl-22"/>
      </object_component>
      <object_component id="oc-11d">
         <name>.text.PowerCC32XX_configureWakeup</name>
         <load_address>0x2000efd8</load_address>
         <readonly>true</readonly>
         <executable>true</executable>
         <run_address>0x2000efd8</run_address>
         <size>0x88</size>
         <alignment>0x4</alignment>
         <input_file_ref idref="fl-18"/>
      </object_component>
      <object_component id="oc-295">
         <name>.text.I2CCC32XX_primeReadBurst</name>
         <load_address>0x2000f060</load_address>
         <readonly>true</readonly>
         <executable>true</executable>
         <run_address>0x2000f060</run_address>
         <size>0x7a</size>
         <alignment>0x2</alignment>
         <input_file_ref idref="fl-17"/>
      </object_component>
      <object_component id="oc-176">
         <name>.text.Timer_init</name>
         <load_address>0x2000f0da</load_address>
         <readonly>true</readonly>
         <executable>true</executable>
         <run_address>0x2000f0da</run_address>
         <size>0x2</size>
         <alignment>0x2</alignment>
         <input_file_ref idref="fl-1a"/>
      </object_component>
      <object_component id="oc-d7">
         <name>.text.Power_init</name>
         <load_address>0x2000f0dc</load_address>
         <readonly>true</readonly>
         <executable>true</executable>
         <run_address>0x2000f0dc</run_address>
         <size>0x78</size>
         <alignment>0x4</alignment>
         <input_file_ref idref="fl-18"/>
      </object_component>
      <object_component id="oc-216">
         <name>.text.readTemp</name>
         <load_address>0x2000f154</load_address>
         <readonly>true</readonly>
         <executable>true</executable>
         <run_address>0x2000f154</run_address>
         <size>0x78</size>
         <alignment>0x4</alignment>
         <input_file_ref idref="fl-1"/>
      </object_component>
      <object_component id="oc-1df">
         <name>.text.HwiP_construct</name>
         <load_address>0x2000f1cc</load_address>
         <readonly>true</readonly>
         <executable>true</executable>
         <run_address>0x2000f1cc</run_address>
         <size>0x74</size>
         <alignment>0x4</alignment>
         <input_file_ref idref="fl-24"/>
      </object_component>
      <object_component id="oc-1a5">
         <name>.text.PRCMHibernateWakeUpGPIOSelect</name>
         <load_address>0x2000f240</load_address>
         <readonly>true</readonly>
         <executable>true</executable>
         <run_address>0x2000f240</run_address>
         <size>0x74</size>
         <alignment>0x2</alignment>
         <input_file_ref idref="fl-2e"/>
      </object_component>
      <object_component id="oc-257">
         <name>.text.UARTConfigSetExpClk</name>
         <load_address>0x2000f2b4</load_address>
         <readonly>true</readonly>
         <executable>true</executable>
         <run_address>0x2000f2b4</run_address>
         <size>0x74</size>
         <alignment>0x2</alignment>
         <input_file_ref idref="fl-32"/>
      </object_component>
      <object_component id="oc-b0">
         <name>.text.mainThread</name>
         <load_address>0x2000f328</load_address>
         <readonly>true</readonly>
         <executable>true</executable>
         <run_address>0x2000f328</run_address>
         <size>0x74</size>
         <alignment>0x4</alignment>
         <input_file_ref idref="fl-1"/>
      </object_component>
      <object_component id="oc-18">
         <name>.text:decompress:lzss</name>
         <load_address>0x2000f39c</load_address>
         <readonly>true</readonly>
         <executable>true</executable>
         <run_address>0x2000f39c</run_address>
         <size>0x70</size>
         <alignment>0x2</alignment>
         <input_file_ref idref="fl-4b"/>
      </object_component>
      <object_component id="oc-2d9">
         <name>.text.PinLockLevelSet</name>
         <load_address>0x2000f40c</load_address>
         <readonly>true</readonly>
         <executable>true</executable>
         <run_address>0x2000f40c</run_address>
         <size>0x6c</size>
         <alignment>0x2</alignment>
         <input_file_ref idref="fl-2d"/>
      </object_component>
      <object_component id="oc-18b">
         <name>.text.Power_setDependency</name>
         <load_address>0x2000f478</load_address>
         <readonly>true</readonly>
         <executable>true</executable>
         <run_address>0x2000f478</run_address>
         <size>0x6c</size>
         <alignment>0x4</alignment>
         <input_file_ref idref="fl-18"/>
      </object_component>
      <object_component id="oc-f7">
         <name>.text.SmartThermostat</name>
         <load_address>0x2000f4e4</load_address>
         <readonly>true</readonly>
         <executable>true</executable>
         <run_address>0x2000f4e4</run_address>
         <size>0x6c</size>
         <alignment>0x4</alignment>
         <input_file_ref idref="fl-1"/>
      </object_component>
      <object_component id="oc-1db">
         <name>.text.UDMACC32XX_open</name>
         <load_address>0x2000f550</load_address>
         <readonly>true</readonly>
         <executable>true</executable>
         <run_address>0x2000f550</run_address>
         <size>0x6c</size>
         <alignment>0x4</alignment>
         <input_file_ref idref="fl-20"/>
      </object_component>
      <object_component id="oc-133">
         <name>.text.powerNotifyFxn</name>
         <load_address>0x2000f5bc</load_address>
         <readonly>true</readonly>
         <executable>true</executable>
         <run_address>0x2000f5bc</run_address>
         <size>0x6c</size>
         <alignment>0x4</alignment>
         <input_file_ref idref="fl-15"/>
      </object_component>
      <object_component id="oc-338">
         <name>.text.split</name>
         <load_address>0x2000f628</load_address>
         <readonly>true</readonly>
         <executable>true</executable>
         <run_address>0x2000f628</run_address>
         <size>0x6c</size>
         <alignment>0x4</alignment>
         <input_file_ref idref="fl-43"/>
      </object_component>
      <object_component id="oc-113">
         <name>.text.PRCMPeripheralReset</name>
         <load_address>0x2000f694</load_address>
         <readonly>true</readonly>
         <executable>true</executable>
         <run_address>0x2000f694</run_address>
         <size>0x6a</size>
         <alignment>0x2</alignment>
         <input_file_ref idref="fl-2e"/>
      </object_component>
      <object_component id="oc-1e4">
         <name>.text.UART2CC32XX_eventCallback</name>
         <load_address>0x2000f6fe</load_address>
         <readonly>true</readonly>
         <executable>true</executable>
         <run_address>0x2000f6fe</run_address>
         <size>0x2</size>
         <alignment>0x2</alignment>
         <input_file_ref idref="fl-1d"/>
      </object_component>
      <object_component id="oc-1f2">
         <name>.text.I2CCC32XX_initHw</name>
         <load_address>0x2000f700</load_address>
         <readonly>true</readonly>
         <executable>true</executable>
         <run_address>0x2000f700</run_address>
         <size>0x68</size>
         <alignment>0x4</alignment>
         <input_file_ref idref="fl-17"/>
      </object_component>
      <object_component id="oc-266">
         <name>.text.IntPendClear</name>
         <load_address>0x2000f768</load_address>
         <readonly>true</readonly>
         <executable>true</executable>
         <run_address>0x2000f768</run_address>
         <size>0x68</size>
         <alignment>0x2</alignment>
         <input_file_ref idref="fl-2c"/>
      </object_component>
      <object_component id="oc-296">
         <name>.text.I2CCC32XX_primeWriteBurst</name>
         <load_address>0x2000f7d0</load_address>
         <readonly>true</readonly>
         <executable>true</executable>
         <run_address>0x2000f7d0</run_address>
         <size>0x66</size>
         <alignment>0x2</alignment>
         <input_file_ref idref="fl-17"/>
      </object_component>
      <object_component id="oc-33b">
         <name>.text.__aeabi_ldiv0</name>
         <load_address>0x2000f836</load_address>
         <readonly>true</readonly>
         <executable>true</executable>
         <run_address>0x2000f836</run_address>
         <size>0x2</size>
         <alignment>0x2</alignment>
         <input_file_ref idref="fl-df"/>
      </object_component>
      <object_component id="oc-ef">
         <name>.text.GPIO_write</name>
         <load_address>0x2000f838</load_address>
         <readonly>true</readonly>
         <executable>true</executable>
         <run_address>0x2000f838</run_address>
         <size>0x60</size>
         <alignment>0x4</alignment>
         <input_file_ref idref="fl-15"/>
      </object_component>
      <object_component id="oc-282">
         <name>.text.UART2Support_dmaStopTx</name>
         <load_address>0x2000f898</load_address>
         <readonly>true</readonly>
         <executable>true</executable>
         <run_address>0x2000f898</run_address>
         <size>0x60</size>
         <alignment>0x2</alignment>
         <input_file_ref idref="fl-1d"/>
      </object_component>
      <object_component id="oc-347">
         <name>.text.FlashDisable</name>
         <load_address>0x2000f8f8</load_address>
         <readonly>true</readonly>
         <executable>true</executable>
         <run_address>0x2000f8f8</run_address>
         <size>0x5c</size>
         <alignment>0x2</alignment>
         <input_file_ref idref="fl-35"/>
      </object_component>
      <object_component id="oc-29b">
         <name>.text.I2CSupport_primeTransfer</name>
         <load_address>0x2000f954</load_address>
         <readonly>true</readonly>
         <executable>true</executable>
         <run_address>0x2000f954</run_address>
         <size>0x5c</size>
         <alignment>0x2</alignment>
         <input_file_ref idref="fl-17"/>
      </object_component>
      <object_component id="oc-1a7">
         <name>.text.PRCMHibernateWakeupSourceDisable</name>
         <load_address>0x2000f9b0</load_address>
         <readonly>true</readonly>
         <executable>true</executable>
         <run_address>0x2000f9b0</run_address>
         <size>0x5c</size>
         <alignment>0x2</alignment>
         <input_file_ref idref="fl-2e"/>
      </object_component>
      <object_component id="oc-209">
         <name>.text.TimerCC32XX_allocateTimerResource</name>
         <load_address>0x2000fa0c</load_address>
         <readonly>true</readonly>
         <executable>true</executable>
         <run_address>0x2000fa0c</run_address>
         <size>0x5c</size>
         <alignment>0x4</alignment>
         <input_file_ref idref="fl-1b"/>
      </object_component>
      <object_component id="oc-112">
         <name>.text.PRCMPeripheralClkEnable</name>
         <load_address>0x2000fa68</load_address>
         <readonly>true</readonly>
         <executable>true</executable>
         <run_address>0x2000fa68</run_address>
         <size>0x5a</size>
         <alignment>0x2</alignment>
         <input_file_ref idref="fl-2e"/>
      </object_component>
      <object_component id="oc-193">
         <name>.text._nop</name>
         <load_address>0x2000fac2</load_address>
         <readonly>true</readonly>
         <executable>true</executable>
         <run_address>0x2000fac2</run_address>
         <size>0x2</size>
         <alignment>0x2</alignment>
         <input_file_ref idref="fl-50"/>
      </object_component>
      <object_component id="oc-2cd">
         <name>.text.ClockP_startup</name>
         <load_address>0x2000fac4</load_address>
         <readonly>true</readonly>
         <executable>true</executable>
         <run_address>0x2000fac4</run_address>
         <size>0x58</size>
         <alignment>0x4</alignment>
         <input_file_ref idref="fl-23"/>
      </object_component>
      <object_component id="oc-268">
         <name>.text.IntPrioritySet</name>
         <load_address>0x2000fb1c</load_address>
         <readonly>true</readonly>
         <executable>true</executable>
         <run_address>0x2000fb1c</run_address>
         <size>0x58</size>
         <alignment>0x2</alignment>
         <input_file_ref idref="fl-2c"/>
      </object_component>
      <object_component id="oc-2e5">
         <name>.text.PRCMLPDSEnter</name>
         <load_address>0x2000fb74</load_address>
         <readonly>true</readonly>
         <executable>true</executable>
         <run_address>0x2000fb74</run_address>
         <size>0x56</size>
         <alignment>0x2</alignment>
         <input_file_ref idref="fl-2e"/>
      </object_component>
      <object_component id="oc-57">
         <name>.text.busFaultHandler</name>
         <load_address>0x2000fbca</load_address>
         <readonly>true</readonly>
         <executable>true</executable>
         <run_address>0x2000fbca</run_address>
         <size>0x2</size>
         <alignment>0x2</alignment>
         <input_file_ref idref="fl-26"/>
      </object_component>
      <object_component id="oc-1c7">
         <name>.text.PowerCC32XX_setParkState</name>
         <load_address>0x2000fbcc</load_address>
         <readonly>true</readonly>
         <executable>true</executable>
         <run_address>0x2000fbcc</run_address>
         <size>0x54</size>
         <alignment>0x4</alignment>
         <input_file_ref idref="fl-18"/>
      </object_component>
      <object_component id="oc-275">
         <name>.text.Power_releaseDependency</name>
         <load_address>0x2000fc20</load_address>
         <readonly>true</readonly>
         <executable>true</executable>
         <run_address>0x2000fc20</run_address>
         <size>0x54</size>
         <alignment>0x4</alignment>
         <input_file_ref idref="fl-18"/>
      </object_component>
      <object_component id="oc-192">
         <name>.text.GPIO_hwiIntFxn</name>
         <load_address>0x2000fc74</load_address>
         <readonly>true</readonly>
         <executable>true</executable>
         <run_address>0x2000fc74</run_address>
         <size>0x50</size>
         <alignment>0x4</alignment>
         <input_file_ref idref="fl-15"/>
      </object_component>
      <object_component id="oc-1a6">
         <name>.text.PRCMHibernateWakeupSourceEnable</name>
         <load_address>0x2000fcc4</load_address>
         <readonly>true</readonly>
         <executable>true</executable>
         <run_address>0x2000fcc4</run_address>
         <size>0x50</size>
         <alignment>0x2</alignment>
         <input_file_ref idref="fl-2e"/>
      </object_component>
      <object_component id="oc-240">
         <name>.text.SemaphoreP_construct</name>
         <load_address>0x2000fd14</load_address>
         <readonly>true</readonly>
         <executable>true</executable>
         <run_address>0x2000fd14</run_address>
         <size>0x50</size>
         <alignment>0x4</alignment>
         <input_file_ref idref="fl-22"/>
      </object_component>
      <object_component id="oc-261">
         <name>.text.uDMAChannelAssign</name>
         <load_address>0x2000fd64</load_address>
         <readonly>true</readonly>
         <executable>true</executable>
         <run_address>0x2000fd64</run_address>
         <size>0x4e</size>
         <alignment>0x2</alignment>
         <input_file_ref idref="fl-33"/>
      </object_component>
      <object_component id="oc-1bb">
         <name>.text.clkFxn</name>
         <load_address>0x2000fdb2</load_address>
         <readonly>true</readonly>
         <executable>true</executable>
         <run_address>0x2000fdb2</run_address>
         <size>0x2</size>
         <alignment>0x2</alignment>
         <input_file_ref idref="fl-22"/>
      </object_component>
      <object_component id="oc-18f">
         <name>.text.GPIO_setInterruptConfig</name>
         <load_address>0x2000fdb4</load_address>
         <readonly>true</readonly>
         <executable>true</executable>
         <run_address>0x2000fdb4</run_address>
         <size>0x4c</size>
         <alignment>0x4</alignment>
         <input_file_ref idref="fl-15"/>
      </object_component>
      <object_component id="oc-345">
         <name>.text.PRCMLPDSRestoreInfoSet</name>
         <load_address>0x2000fe00</load_address>
         <readonly>true</readonly>
         <executable>true</executable>
         <run_address>0x2000fe00</run_address>
         <size>0x4c</size>
         <alignment>0x2</alignment>
         <input_file_ref idref="fl-2e"/>
      </object_component>
      <object_component id="oc-184">
         <name>.text.TimerCallback</name>
         <load_address>0x2000fe4c</load_address>
         <readonly>true</readonly>
         <executable>true</executable>
         <run_address>0x2000fe4c</run_address>
         <size>0x4c</size>
         <alignment>0x4</alignment>
         <input_file_ref idref="fl-1"/>
      </object_component>
      <object_component id="oc-20d">
         <name>.text.initHw</name>
         <load_address>0x2000fe98</load_address>
         <readonly>true</readonly>
         <executable>true</executable>
         <run_address>0x2000fe98</run_address>
         <size>0x4c</size>
         <alignment>0x2</alignment>
         <input_file_ref idref="fl-1b"/>
      </object_component>
      <object_component id="oc-27e">
         <name>.text.UART2Support_dmaStopRx</name>
         <load_address>0x2000fee4</load_address>
         <readonly>true</readonly>
         <executable>true</executable>
         <run_address>0x2000fee4</run_address>
         <size>0x4a</size>
         <alignment>0x2</alignment>
         <input_file_ref idref="fl-1d"/>
      </object_component>
      <object_component id="oc-20c">
         <name>.text.getPrescaler</name>
         <load_address>0x2000ff2e</load_address>
         <readonly>true</readonly>
         <executable>true</executable>
         <run_address>0x2000ff2e</run_address>
         <size>0x4a</size>
         <alignment>0x2</alignment>
         <input_file_ref idref="fl-1b"/>
      </object_component>
      <object_component id="oc-2fb">
         <name>.text.uDMAChannelSizeGet</name>
         <load_address>0x2000ff78</load_address>
         <readonly>true</readonly>
         <executable>true</executable>
         <run_address>0x2000ff78</run_address>
         <size>0x4a</size>
         <alignment>0x2</alignment>
         <input_file_ref idref="fl-33"/>
      </object_component>
      <object_component id="oc-56">
         <name>.text.defaultHandler</name>
         <load_address>0x2000ffc2</load_address>
         <readonly>true</readonly>
         <executable>true</executable>
         <run_address>0x2000ffc2</run_address>
         <size>0x2</size>
         <alignment>0x2</alignment>
         <input_file_ref idref="fl-26"/>
      </object_component>
      <object_component id="oc-58">
         <name>.text.ClockP_sysTickHandler</name>
         <load_address>0x2000ffc4</load_address>
         <readonly>true</readonly>
         <executable>true</executable>
         <run_address>0x2000ffc4</run_address>
         <size>0x48</size>
         <alignment>0x4</alignment>
         <input_file_ref idref="fl-23"/>
      </object_component>
      <object_component id="oc-2df">
         <name>.text.PRCMIntEnable</name>
         <load_address>0x2001000c</load_address>
         <readonly>true</readonly>
         <executable>true</executable>
         <run_address>0x2001000c</run_address>
         <size>0x48</size>
         <alignment>0x2</alignment>
         <input_file_ref idref="fl-2e"/>
      </object_component>
      <object_component id="oc-21a">
         <name>.text.PRCMPeripheralStatusGet</name>
         <load_address>0x20010054</load_address>
         <readonly>true</readonly>
         <executable>true</executable>
         <run_address>0x20010054</run_address>
         <size>0x48</size>
         <alignment>0x2</alignment>
         <input_file_ref idref="fl-2e"/>
      </object_component>
      <object_component id="oc-342">
         <name>.text.PinConfigGet</name>
         <load_address>0x2001009c</load_address>
         <readonly>true</readonly>
         <executable>true</executable>
         <run_address>0x2001009c</run_address>
         <size>0x48</size>
         <alignment>0x2</alignment>
         <input_file_ref idref="fl-2d"/>
      </object_component>
      <object_component id="oc-2c2">
         <name>.text.__fixdfsi</name>
         <load_address>0x200100e4</load_address>
         <readonly>true</readonly>
         <executable>true</executable>
         <run_address>0x200100e4</run_address>
         <size>0x48</size>
         <alignment>0x4</alignment>
         <input_file_ref idref="fl-d7"/>
      </object_component>
      <object_component id="oc-294">
         <name>.text.I2CCC32XX_fillTransmitFifo</name>
         <load_address>0x2001012c</load_address>
         <readonly>true</readonly>
         <executable>true</executable>
         <run_address>0x2001012c</run_address>
         <size>0x46</size>
         <alignment>0x2</alignment>
         <input_file_ref idref="fl-17"/>
      </object_component>
      <object_component id="oc-2e4">
         <name>.text.PRCMLPDSEnterKeepDebugIf</name>
         <load_address>0x20010172</load_address>
         <readonly>true</readonly>
         <executable>true</executable>
         <run_address>0x20010172</run_address>
         <size>0x46</size>
         <alignment>0x2</alignment>
         <input_file_ref idref="fl-2e"/>
      </object_component>
      <object_component id="oc-2f9">
         <name>.text.RingBuf_put</name>
         <load_address>0x200101b8</load_address>
         <readonly>true</readonly>
         <executable>true</executable>
         <run_address>0x200101b8</run_address>
         <size>0x46</size>
         <alignment>0x2</alignment>
         <input_file_ref idref="fl-1f"/>
      </object_component>
      <object_component id="oc-55">
         <name>.text.faultISR</name>
         <load_address>0x200101fe</load_address>
         <readonly>true</readonly>
         <executable>true</executable>
         <run_address>0x200101fe</run_address>
         <size>0x2</size>
         <alignment>0x2</alignment>
         <input_file_ref idref="fl-26"/>
      </object_component>
      <object_component id="oc-188">
         <name>.text.CheckTemp</name>
         <load_address>0x20010200</load_address>
         <readonly>true</readonly>
         <executable>true</executable>
         <run_address>0x20010200</run_address>
         <size>0x44</size>
         <alignment>0x4</alignment>
         <input_file_ref idref="fl-1"/>
      </object_component>
      <object_component id="oc-18e">
         <name>.text.GPIODirModeSet</name>
         <load_address>0x20010244</load_address>
         <readonly>true</readonly>
         <executable>true</executable>
         <run_address>0x20010244</run_address>
         <size>0x44</size>
         <alignment>0x2</alignment>
         <input_file_ref idref="fl-29"/>
      </object_component>
      <object_component id="oc-21d">
         <name>.text.GPIO_disableInt</name>
         <load_address>0x20010288</load_address>
         <readonly>true</readonly>
         <executable>true</executable>
         <run_address>0x20010288</run_address>
         <size>0x44</size>
         <alignment>0x4</alignment>
         <input_file_ref idref="fl-15"/>
      </object_component>
      <object_component id="oc-f5">
         <name>.text.GPIO_enableInt</name>
         <load_address>0x200102cc</load_address>
         <readonly>true</readonly>
         <executable>true</executable>
         <run_address>0x200102cc</run_address>
         <size>0x44</size>
         <alignment>0x4</alignment>
         <input_file_ref idref="fl-15"/>
      </object_component>
      <object_component id="oc-281">
         <name>.text.Power_releaseConstraint</name>
         <load_address>0x20010310</load_address>
         <readonly>true</readonly>
         <executable>true</executable>
         <run_address>0x20010310</run_address>
         <size>0x44</size>
         <alignment>0x4</alignment>
         <input_file_ref idref="fl-18"/>
      </object_component>
      <object_component id="oc-183">
         <name>.text.Timer_start</name>
         <load_address>0x20010354</load_address>
         <readonly>true</readonly>
         <executable>true</executable>
         <run_address>0x20010354</run_address>
         <size>0x44</size>
         <alignment>0x2</alignment>
         <input_file_ref idref="fl-1a"/>
      </object_component>
      <object_component id="oc-189">
         <name>.text.UpdateDisplay</name>
         <load_address>0x20010398</load_address>
         <readonly>true</readonly>
         <executable>true</executable>
         <run_address>0x20010398</run_address>
         <size>0x44</size>
         <alignment>0x4</alignment>
         <input_file_ref idref="fl-1"/>
      </object_component>
      <object_component id="oc-7d">
         <name>.text.addToList</name>
         <load_address>0x200103dc</load_address>
         <readonly>true</readonly>
         <executable>true</executable>
         <run_address>0x200103dc</run_address>
         <size>0x44</size>
         <alignment>0x4</alignment>
         <input_file_ref idref="fl-23"/>
      </object_component>
      <object_component id="oc-f6">
         <name>.text.initTimer</name>
         <load_address>0x20010420</load_address>
         <readonly>true</readonly>
         <executable>true</executable>
         <run_address>0x20010420</run_address>
         <size>0x44</size>
         <alignment>0x4</alignment>
         <input_file_ref idref="fl-1"/>
      </object_component>
      <object_component id="oc-157">
         <name>.text.snprintf</name>
         <load_address>0x20010464</load_address>
         <readonly>true</readonly>
         <executable>true</executable>
         <run_address>0x20010464</run_address>
         <size>0x44</size>
         <alignment>0x4</alignment>
         <input_file_ref idref="fl-42"/>
      </object_component>
      <object_component id="oc-11a">
         <name>.text.PinModeSet</name>
         <load_address>0x200104a8</load_address>
         <readonly>true</readonly>
         <executable>true</executable>
         <run_address>0x200104a8</run_address>
         <size>0x42</size>
         <alignment>0x2</alignment>
         <input_file_ref idref="fl-2d"/>
      </object_component>
      <object_component id="oc-2b3">
         <name>.text.TimerControlStall</name>
         <load_address>0x200104ea</load_address>
         <readonly>true</readonly>
         <executable>true</executable>
         <run_address>0x200104ea</run_address>
         <size>0x42</size>
         <alignment>0x2</alignment>
         <input_file_ref idref="fl-31"/>
      </object_component>
      <object_component id="oc-20b">
         <name>.text.Timer_close</name>
         <load_address>0x2001052c</load_address>
         <readonly>true</readonly>
         <executable>true</executable>
         <run_address>0x2001052c</run_address>
         <size>0x42</size>
         <alignment>0x2</alignment>
         <input_file_ref idref="fl-1b"/>
      </object_component>
      <object_component id="oc-22c">
         <name>.text.getCountsRTC</name>
         <load_address>0x2001056e</load_address>
         <readonly>true</readonly>
         <executable>true</executable>
         <run_address>0x2001056e</run_address>
         <size>0x42</size>
         <alignment>0x2</alignment>
         <input_file_ref idref="fl-25"/>
      </object_component>
      <object_component id="oc-12e">
         <name>.text.SemaphoreP_post</name>
         <load_address>0x200105b0</load_address>
         <readonly>true</readonly>
         <executable>true</executable>
         <run_address>0x200105b0</run_address>
         <size>0x40</size>
         <alignment>0x4</alignment>
         <input_file_ref idref="fl-22"/>
      </object_component>
      <object_component id="oc-2a9">
         <name>.text.Timer_stop</name>
         <load_address>0x200105f0</load_address>
         <readonly>true</readonly>
         <executable>true</executable>
         <run_address>0x200105f0</run_address>
         <size>0x40</size>
         <alignment>0x2</alignment>
         <input_file_ref idref="fl-1a"/>
      </object_component>
      <object_component id="oc-31c">
         <name>.text.atoi</name>
         <load_address>0x20010630</load_address>
         <readonly>true</readonly>
         <executable>true</executable>
         <run_address>0x20010630</run_address>
         <size>0x40</size>
         <alignment>0x4</alignment>
         <input_file_ref idref="fl-54"/>
      </object_component>
      <object_component id="oc-300">
         <name>.text.uDMAChannelControlSet</name>
         <load_address>0x20010670</load_address>
         <readonly>true</readonly>
         <executable>true</executable>
         <run_address>0x20010670</run_address>
         <size>0x40</size>
         <alignment>0x2</alignment>
         <input_file_ref idref="fl-33"/>
      </object_component>
      <object_component id="oc-344">
         <name>.text.PinDirModeSet</name>
         <load_address>0x200106b0</load_address>
         <readonly>true</readonly>
         <executable>true</executable>
         <run_address>0x200106b0</run_address>
         <size>0x3e</size>
         <alignment>0x2</alignment>
         <input_file_ref idref="fl-2d"/>
      </object_component>
      <object_component id="oc-54">
         <name>.text.nmiISR</name>
         <load_address>0x200106ee</load_address>
         <readonly>true</readonly>
         <executable>true</executable>
         <run_address>0x200106ee</run_address>
         <size>0x2</size>
         <alignment>0x2</alignment>
         <input_file_ref idref="fl-26"/>
      </object_component>
      <object_component id="oc-244">
         <name>.text.ClockP_stop</name>
         <load_address>0x200106f0</load_address>
         <readonly>true</readonly>
         <executable>true</executable>
         <run_address>0x200106f0</run_address>
         <size>0x3c</size>
         <alignment>0x4</alignment>
         <input_file_ref idref="fl-23"/>
      </object_component>
      <object_component id="oc-1d6">
         <name>.text.UDMACC32XX_init</name>
         <load_address>0x2001072c</load_address>
         <readonly>true</readonly>
         <executable>true</executable>
         <run_address>0x2001072c</run_address>
         <size>0x3c</size>
         <alignment>0x4</alignment>
         <input_file_ref idref="fl-20"/>
      </object_component>
      <object_component id="oc-215">
         <name>.text.TimerSupport_timerEnable</name>
         <load_address>0x20010768</load_address>
         <readonly>true</readonly>
         <executable>true</executable>
         <run_address>0x20010768</run_address>
         <size>0x3a</size>
         <alignment>0x2</alignment>
         <input_file_ref idref="fl-1b"/>
      </object_component>
      <object_component id="oc-1ba">
         <name>.text.ClockP_destruct</name>
         <load_address>0x200107a4</load_address>
         <readonly>true</readonly>
         <executable>true</executable>
         <run_address>0x200107a4</run_address>
         <size>0x38</size>
         <alignment>0x4</alignment>
         <input_file_ref idref="fl-23"/>
      </object_component>
      <object_component id="oc-2b8">
         <name>.text.Power_setConstraint</name>
         <load_address>0x200107dc</load_address>
         <readonly>true</readonly>
         <executable>true</executable>
         <run_address>0x200107dc</run_address>
         <size>0x38</size>
         <alignment>0x4</alignment>
         <input_file_ref idref="fl-18"/>
      </object_component>
      <object_component id="oc-2fd">
         <name>.text.RingBuf_putAdvance</name>
         <load_address>0x20010814</load_address>
         <readonly>true</readonly>
         <executable>true</executable>
         <run_address>0x20010814</run_address>
         <size>0x38</size>
         <alignment>0x2</alignment>
         <input_file_ref idref="fl-1f"/>
      </object_component>
      <object_component id="oc-23d">
         <name>.text.SwiP_restore</name>
         <load_address>0x2001084c</load_address>
         <readonly>true</readonly>
         <executable>true</executable>
         <run_address>0x2001084c</run_address>
         <size>0x38</size>
         <alignment>0x4</alignment>
         <input_file_ref idref="fl-27"/>
      </object_component>
      <object_component id="oc-273">
         <name>.text.UDMACC32XX_close</name>
         <load_address>0x20010884</load_address>
         <readonly>true</readonly>
         <executable>true</executable>
         <run_address>0x20010884</run_address>
         <size>0x38</size>
         <alignment>0x4</alignment>
         <input_file_ref idref="fl-20"/>
      </object_component>
      <object_component id="oc-bf">
         <name>.text:__TI_auto_init_nobinit_nopinit</name>
         <load_address>0x200108bc</load_address>
         <readonly>true</readonly>
         <executable>true</executable>
         <run_address>0x200108bc</run_address>
         <size>0x38</size>
         <alignment>0x4</alignment>
         <input_file_ref idref="fl-46"/>
      </object_component>
      <object_component id="oc-2da">
         <name>.text.PinLock</name>
         <load_address>0x200108f4</load_address>
         <readonly>true</readonly>
         <executable>true</executable>
         <run_address>0x200108f4</run_address>
         <size>0x36</size>
         <alignment>0x2</alignment>
         <input_file_ref idref="fl-2d"/>
      </object_component>
      <object_component id="oc-212">
         <name>.text.TimerCC32XX_hwiIntFunction</name>
         <load_address>0x2001092a</load_address>
         <readonly>true</readonly>
         <executable>true</executable>
         <run_address>0x2001092a</run_address>
         <size>0x36</size>
         <alignment>0x2</alignment>
         <input_file_ref idref="fl-1b"/>
      </object_component>
      <object_component id="oc-352">
         <name>.text.UARTCharPutNonBlocking</name>
         <load_address>0x20010960</load_address>
         <readonly>true</readonly>
         <executable>true</executable>
         <run_address>0x20010960</run_address>
         <size>0x36</size>
         <alignment>0x2</alignment>
         <input_file_ref idref="fl-32"/>
      </object_component>
      <object_component id="oc-1b7">
         <name>.text.ClockP_start</name>
         <load_address>0x20010998</load_address>
         <readonly>true</readonly>
         <executable>true</executable>
         <run_address>0x20010998</run_address>
         <size>0x34</size>
         <alignment>0x4</alignment>
         <input_file_ref idref="fl-23"/>
      </object_component>
      <object_component id="oc-30c">
         <name>.text.I2CFIFODataPutNonBlocking</name>
         <load_address>0x200109cc</load_address>
         <readonly>true</readonly>
         <executable>true</executable>
         <run_address>0x200109cc</run_address>
         <size>0x34</size>
         <alignment>0x2</alignment>
         <input_file_ref idref="fl-2b"/>
      </object_component>
      <object_component id="oc-343">
         <name>.text.PinDirModeGet</name>
         <load_address>0x20010a00</load_address>
         <readonly>true</readonly>
         <executable>true</executable>
         <run_address>0x20010a00</run_address>
         <size>0x34</size>
         <alignment>0x2</alignment>
         <input_file_ref idref="fl-2d"/>
      </object_component>
      <object_component id="oc-115">
         <name>.text.PinModeGet</name>
         <load_address>0x20010a34</load_address>
         <readonly>true</readonly>
         <executable>true</executable>
         <run_address>0x20010a34</run_address>
         <size>0x34</size>
         <alignment>0x2</alignment>
         <input_file_ref idref="fl-2d"/>
      </object_component>
      <object_component id="oc-2d8">
         <name>.text.PowerCC32XX_parkPin</name>
         <load_address>0x20010a68</load_address>
         <readonly>true</readonly>
         <executable>true</executable>
         <run_address>0x20010a68</run_address>
         <size>0x34</size>
         <alignment>0x2</alignment>
         <input_file_ref idref="fl-18"/>
      </object_component>
      <object_component id="oc-2ab">
         <name>.text.TimerCC32XX_freeTimerResource</name>
         <load_address>0x20010a9c</load_address>
         <readonly>true</readonly>
         <executable>true</executable>
         <run_address>0x20010a9c</run_address>
         <size>0x34</size>
         <alignment>0x4</alignment>
         <input_file_ref idref="fl-1b"/>
      </object_component>
      <object_component id="oc-26f">
         <name>.text.UART2_rxDisable</name>
         <load_address>0x20010ad0</load_address>
         <readonly>true</readonly>
         <executable>true</executable>
         <run_address>0x20010ad0</run_address>
         <size>0x34</size>
         <alignment>0x2</alignment>
         <input_file_ref idref="fl-1c"/>
      </object_component>
      <object_component id="oc-ed">
         <name>.text.initUART</name>
         <load_address>0x20010b04</load_address>
         <readonly>true</readonly>
         <executable>true</executable>
         <run_address>0x20010b04</run_address>
         <size>0x34</size>
         <alignment>0x4</alignment>
         <input_file_ref idref="fl-1"/>
      </object_component>
      <object_component id="oc-4f">
         <name>.text.initVectors</name>
         <load_address>0x20010b38</load_address>
         <readonly>true</readonly>
         <executable>true</executable>
         <run_address>0x20010b38</run_address>
         <size>0x34</size>
         <alignment>0x4</alignment>
         <input_file_ref idref="fl-26"/>
      </object_component>
      <object_component id="oc-229">
         <name>.text.ClockP_getTicksUntilInterrupt</name>
         <load_address>0x20010b6c</load_address>
         <readonly>true</readonly>
[...]
      </symbol>
      <symbol id="sm-54d">
         <name>PinLockLevelSet</name>
         <value>0x2000f40d</value>
         <object_component_ref idref="oc-2d9"/>
      </symbol>
      <symbol id="sm-54e">
         <name>PinModeGet</name>
         <value>0x20010a35</value>
         <object_component_ref idref="oc-115"/>
      </symbol>
      <symbol id="sm-54f">
         <name>PinModeSet</name>
         <value>0x200104a9</value>
         <object_component_ref idref="oc-11a"/>
      </symbol>
      <symbol id="sm-550">
         <name>PinToPadGet</name>
         <value>0x20011515</value>
         <object_component_ref idref="oc-277"/>
      </symbol>
      <symbol id="sm-551">
         <name>PinTypeI2C</name>
         <value>0x20011251</value>
         <object_component_ref idref="oc-1f1"/>
      </symbol>
      <symbol id="sm-552">
         <name>PinTypeUART</name>
         <value>0x20011331</value>
         <object_component_ref idref="oc-24a"/>
      </symbol>
      <symbol id="sm-553">
         <name>PinUnlock</name>
         <value>0x200111cb</value>
         <object_component_ref idref="oc-2e0"/>
      </symbol>
      <symbol id="sm-605">
         <name>PRCMCC3200MCUInit</name>
         <value>0x2000c8ad</value>
         <object_component_ref idref="oc-d2"/>
      </symbol>
      <symbol id="sm-606">
         <name>PRCMHIBRegRead</name>
         <value>0x200114c7</value>
         <object_component_ref idref="oc-111"/>
      </symbol>
      <symbol id="sm-607">
         <name>PRCMHIBRegWrite</name>
         <value>0x200114e1</value>
         <object_component_ref idref="oc-110"/>
      </symbol>
      <symbol id="sm-608">
         <name>PRCMHibernateWakeUpGPIOSelect</name>
         <value>0x2000f241</value>
         <object_component_ref idref="oc-1a5"/>
      </symbol>
      <symbol id="sm-609">
         <name>PRCMHibernateWakeupSourceDisable</name>
         <value>0x2000f9b1</value>
         <object_component_ref idref="oc-1a7"/>
      </symbol>
      <symbol id="sm-60a">
         <name>PRCMHibernateWakeupSourceEnable</name>
         <value>0x2000fcc5</value>
         <object_component_ref idref="oc-1a6"/>
      </symbol>
      <symbol id="sm-60b">
         <name>PRCMIntEnable</name>
         <value>0x2001000d</value>
         <object_component_ref idref="oc-2df"/>
      </symbol>
      <symbol id="sm-60c">
         <name>PRCMLPDSEnter</name>
         <value>0x2000fb75</value>
         <object_component_ref idref="oc-2e5"/>
      </symbol>
      <symbol id="sm-60d">
         <name>PRCMLPDSEnterKeepDebugIf</name>
         <value>0x20010173</value>
         <object_component_ref idref="oc-2e4"/>
      </symbol>
      <symbol id="sm-60e">
         <name>PRCMLPDSIntervalSet</name>
         <value>0x20010bcd</value>
         <object_component_ref idref="oc-236"/>
      </symbol>
      <symbol id="sm-60f">
         <name>PRCMLPDSRestoreInfoSet</name>
         <value>0x2000fe01</value>
         <object_component_ref idref="oc-345"/>
      </symbol>
      <symbol id="sm-610">
         <name>PRCMLPDSWakeUpGPIOSelect</name>
         <value>0x20010e55</value>
         <object_component_ref idref="oc-1a4"/>
      </symbol>
      <symbol id="sm-611">
         <name>PRCMLPDSWakeupCauseGet</name>
         <value>0x20011a59</value>
         <object_component_ref idref="oc-2e2"/>
      </symbol>
      <symbol id="sm-612">
         <name>PRCMLPDSWakeupSourceDisable</name>
         <value>0x200114fb</value>
         <object_component_ref idref="oc-1a3"/>
      </symbol>
      <symbol id="sm-613">
         <name>PRCMLPDSWakeupSourceEnable</name>
         <value>0x200110d1</value>
         <object_component_ref idref="oc-1a2"/>
      </symbol>
      <symbol id="sm-614">
         <name>PRCMPeripheralClkDisable</name>
         <value>0x20010e7f</value>
         <object_component_ref idref="oc-114"/>
      </symbol>
      <symbol id="sm-615">
         <name>PRCMPeripheralClkEnable</name>
         <value>0x2000fa69</value>
         <object_component_ref idref="oc-112"/>
      </symbol>
      <symbol id="sm-616">
         <name>PRCMPeripheralReset</name>
         <value>0x2000f695</value>
         <object_component_ref idref="oc-113"/>
      </symbol>
      <symbol id="sm-617">
         <name>PRCMPeripheralStatusGet</name>
         <value>0x20010055</value>
         <object_component_ref idref="oc-21a"/>
      </symbol>
      <symbol id="sm-618">
         <name>PRCMSRAMRetentionEnable</name>
         <value>0x20010fc5</value>
         <object_component_ref idref="oc-2d7"/>
      </symbol>
      <symbol id="sm-619">
         <name>PRCMSleepEnter</name>
         <value>0x20011b49</value>
         <object_component_ref idref="oc-23c"/>
      </symbol>
      <symbol id="sm-61a">
         <name>PRCMSlowClkCtrFastGet</name>
         <value>0x20010bfd</value>
         <object_component_ref idref="oc-2ce"/>
      </symbol>
      <symbol id="sm-61b">
         <name>PRCMSysResetCauseGet</name>
         <value>0x2000ef49</value>
         <object_component_ref idref="oc-10b"/>
      </symbol>
      <symbol id="sm-639">
         <name>SysTickEnable</name>
         <value>0x20011833</value>
         <object_component_ref idref="oc-23a"/>
      </symbol>
      <symbol id="sm-63a">
         <name>SysTickIntDisable</name>
         <value>0x20011845</value>
         <object_component_ref idref="oc-231"/>
      </symbol>
      <symbol id="sm-63b">
         <name>SysTickIntEnable</name>
         <value>0x20011857</value>
         <object_component_ref idref="oc-23b"/>
      </symbol>
      <symbol id="sm-63c">
         <name>SysTickPeriodSet</name>
         <value>0x20011619</value>
         <object_component_ref idref="oc-239"/>
      </symbol>
      <symbol id="sm-67b">
         <name>TimerControlStall</name>
         <value>0x200104eb</value>
         <object_component_ref idref="oc-2b3"/>
      </symbol>
      <symbol id="sm-67c">
         <name>TimerDisable</name>
         <value>0x20011311</value>
         <object_component_ref idref="oc-2ac"/>
      </symbol>
      <symbol id="sm-67d">
         <name>TimerEnable</name>
         <value>0x2001152f</value>
         <object_component_ref idref="oc-2b9"/>
      </symbol>
      <symbol id="sm-67e">
         <name>TimerIntClear</name>
         <value>0x2001191d</value>
         <object_component_ref idref="oc-2b6"/>
      </symbol>
      <symbol id="sm-67f">
         <name>TimerIntDisable</name>
         <value>0x2001162f</value>
         <object_component_ref idref="oc-386"/>
      </symbol>
      <symbol id="sm-680">
         <name>TimerIntEnable</name>
         <value>0x2001173d</value>
         <object_component_ref idref="oc-2b7"/>
      </symbol>
      <symbol id="sm-681">
         <name>TimerLoadSet</name>
         <value>0x20010c2d</value>
         <object_component_ref idref="oc-2b2"/>
      </symbol>
      <symbol id="sm-682">
         <name>TimerPrescaleSet</name>
         <value>0x20010c5d</value>
         <object_component_ref idref="oc-2b1"/>
      </symbol>
      <symbol id="sm-6ec">
         <name>UARTBusy</name>
         <value>0x2001194d</value>
         <object_component_ref idref="oc-353"/>
      </symbol>
      <symbol id="sm-6ed">
         <name>UARTCharPutNonBlocking</name>
         <value>0x20010961</value>
         <object_component_ref idref="oc-352"/>
      </symbol>
      <symbol id="sm-6ee">
         <name>UARTCharsAvail</name>
         <value>0x20011645</value>
         <object_component_ref idref="oc-27f"/>
      </symbol>
      <symbol id="sm-6ef">
         <name>UARTConfigSetExpClk</name>
         <value>0x2000f2b5</value>
         <object_component_ref idref="oc-257"/>
      </symbol>
      <symbol id="sm-6f0">
         <name>UARTDMADisable</name>
         <value>0x2001165b</value>
         <object_component_ref idref="oc-26e"/>
      </symbol>
      <symbol id="sm-6f1">
         <name>UARTDMAEnable</name>
         <value>0x20011751</value>
         <object_component_ref idref="oc-303"/>
      </symbol>
      <symbol id="sm-6f2">
         <name>UARTDisable</name>
         <value>0x20010d77</value>
         <object_component_ref idref="oc-270"/>
      </symbol>
      <symbol id="sm-6f3">
         <name>UARTEnable</name>
         <value>0x2001136d</value>
         <object_component_ref idref="oc-25d"/>
      </symbol>
      <symbol id="sm-6f4">
         <name>UARTFIFOLevelSet</name>
         <value>0x20011671</value>
         <object_component_ref idref="oc-25f"/>
      </symbol>
      <symbol id="sm-6f5">
         <name>UARTFlowControlSet</name>
         <value>0x20011549</value>
         <object_component_ref idref="oc-260"/>
      </symbol>
      <symbol id="sm-6f6">
         <name>UARTIntClear</name>
         <value>0x2001195d</value>
         <object_component_ref idref="oc-25c"/>
      </symbol>
      <symbol id="sm-6f7">
         <name>UARTIntDisable</name>
         <value>0x20011687</value>
         <object_component_ref idref="oc-26d"/>
      </symbol>
      <symbol id="sm-6f8">
         <name>UARTIntEnable</name>
         <value>0x20011765</value>
         <object_component_ref idref="oc-25e"/>
      </symbol>
      <symbol id="sm-6f9">
         <name>UARTIntStatus</name>
         <value>0x20010ea9</value>
         <object_component_ref idref="oc-27a"/>
      </symbol>
      <symbol id="sm-6fa">
         <name>UARTRxErrorGet</name>
         <value>0x2001196d</value>
         <object_component_ref idref="oc-27c"/>
      </symbol>
      <symbol id="sm-753">
         <name>uDMAChannelAssign</name>
         <value>0x2000fd65</value>
         <object_component_ref idref="oc-261"/>
      </symbol>
      <symbol id="sm-754">
         <name>uDMAChannelAttributeDisable</name>
         <value>0x2000ee27</value>
         <object_component_ref idref="oc-262"/>
      </symbol>
      <symbol id="sm-755">
         <name>uDMAChannelControlSet</name>
         <value>0x20010671</value>
         <object_component_ref idref="oc-300"/>
      </symbol>
      <symbol id="sm-756">
         <name>uDMAChannelDisable</name>
         <value>0x200113a9</value>
         <object_component_ref idref="oc-2fa"/>
      </symbol>
      <symbol id="sm-757">
         <name>uDMAChannelEnable</name>
         <value>0x200113c7</value>
         <object_component_ref idref="oc-302"/>
      </symbol>
      <symbol id="sm-758">
         <name>uDMAChannelIsEnabled</name>
         <value>0x200113e5</value>
         <object_component_ref idref="oc-27d"/>
      </symbol>
      <symbol id="sm-759">
         <name>uDMAChannelSizeGet</name>
         <value>0x2000ff79</value>
         <object_component_ref idref="oc-2fb"/>
      </symbol>
      <symbol id="sm-75a">
         <name>uDMAChannelTransferSet</name>
         <value>0x2000e073</value>
         <object_component_ref idref="oc-301"/>
      </symbol>
      <symbol id="sm-75b">
         <name>uDMAControlBaseSet</name>
         <value>0x2001178d</value>
         <object_component_ref idref="oc-254"/>
      </symbol>
      <symbol id="sm-75c">
         <name>uDMAEnable</name>
         <value>0x200119e5</value>
         <object_component_ref idref="oc-24f"/>
      </symbol>
      <symbol id="sm-75d">
         <name>uDMAErrorStatusClear</name>
         <value>0x200119f3</value>
         <object_component_ref idref="oc-38d"/>
      </symbol>
      <symbol id="sm-75e">
         <name>uDMAErrorStatusGet</name>
         <value>0x20011ac5</value>
         <object_component_ref idref="oc-38c"/>
      </symbol>
      <symbol id="sm-75f">
         <name>uDMAIntClear</name>
         <value>0x200117a1</value>
         <object_component_ref idref="oc-2fc"/>
      </symbol>
      <symbol id="sm-76a">
         <name>UtilsDelay</name>
         <value>0x20011b51</value>
         <object_component_ref idref="oc-10c"/>
      </symbol>
      <symbol id="sm-797">
         <name>FlashDisable</name>
         <value>0x2000f8f9</value>
         <object_component_ref idref="oc-347"/>
      </symbol>
      <symbol id="sm-7a8">
         <name>snprintf</name>
         <value>0x20010465</value>
         <object_component_ref idref="oc-157"/>
      </symbol>
      <symbol id="sm-7c8">
         <name>malloc</name>
         <value>0x20011b69</value>
         <object_component_ref idref="oc-21b"/>
      </symbol>
      <symbol id="sm-7c9">
         <name>aligned_alloc</name>
         <value>0x2000de39</value>
         <object_component_ref idref="oc-2c8"/>
      </symbol>
      <symbol id="sm-7ca">
         <name>free</name>
         <value>0x2000e281</value>
         <object_component_ref idref="oc-1b4"/>
      </symbol>
      <symbol id="sm-7cb">
         <name>_sys_memory</name>
         <value>0x20004040</value>
         <object_component_ref idref="oc-31"/>
      </symbol>
      <symbol id="sm-7cc">
         <name>memalign</name>
         <value>0x2000de39</value>
         <object_component_ref idref="oc-2c8"/>
      </symbol>
      <symbol id="sm-7d7">
         <name>_c_int00_noargs</name>
         <value>0x20011185</value>
         <object_component_ref idref="oc-76"/>
      </symbol>
      <symbol id="sm-7d8">
         <name>__stack</name>
         <value>0x20003000</value>
         <object_component_ref idref="oc-16"/>
      </symbol>
      <symbol id="sm-7e4">
         <name>__TI_auto_init_nobinit_nopinit</name>
         <value>0x200108bd</value>
         <object_component_ref idref="oc-bf"/>
      </symbol>
      <symbol id="sm-7ec">
         <name>_system_pre_init</name>
         <value>0x20011bb5</value>
         <object_component_ref idref="oc-8b"/>
      </symbol>
      <symbol id="sm-7f7">
         <name>__TI_zero_init</name>
         <value>0x2001199d</value>
         <object_component_ref idref="oc-49"/>
      </symbol>
      <symbol id="sm-800">
         <name>__TI_decompress_none</name>
         <value>0x20011a0f</value>
         <object_component_ref idref="oc-1c"/>
      </symbol>
      <symbol id="sm-80a">
         <name>__TI_decompress_lzss</name>
         <value>0x2000f39d</value>
         <object_component_ref idref="oc-18"/>
      </symbol>
      <symbol id="sm-82a">
         <name>__TI_printfi_nofloat</name>
         <value>0x2000c041</value>
         <object_component_ref idref="oc-2a5"/>
      </symbol>
      <symbol id="sm-833">
         <name>wcslen</name>
         <value>0x2001198d</value>
         <object_component_ref idref="oc-320"/>
      </symbol>
      <symbol id="sm-83e">
         <name>__aeabi_errno_addr</name>
         <value>0x20011b59</value>
         <object_component_ref idref="oc-324"/>
      </symbol>
      <symbol id="sm-83f">
         <name>__aeabi_errno</name>
         <value>0x2001336c</value>
         <object_component_ref idref="oc-35f"/>
      </symbol>
      <symbol id="sm-849">
         <name>abort</name>
         <value>0x20011bb9</value>
         <object_component_ref idref="oc-b8"/>
      </symbol>
      <symbol id="sm-84a">
         <name>C$$EXIT</name>
         <value>0x20011bb8</value>
         <object_component_ref idref="oc-b8"/>
      </symbol>
      <symbol id="sm-853">
         <name>_nop</name>
         <value>0x2000fac3</value>
         <object_component_ref idref="oc-193"/>
      </symbol>
      <symbol id="sm-854">
         <name>_lock</name>
         <value>0x20013370</value>
         <object_component_ref idref="oc-101"/>
      </symbol>
      <symbol id="sm-855">
         <name>_unlock</name>
         <value>0x20013374</value>
         <object_component_ref idref="oc-104"/>
      </symbol>
      <symbol id="sm-862">
         <name>atoi</name>
         <value>0x20010631</value>
         <object_component_ref idref="oc-31c"/>
      </symbol>
      <symbol id="sm-86c">
         <name>memccpy</name>
         <value>0x2001138b</value>
         <object_component_ref idref="oc-315"/>
      </symbol>
      <symbol id="sm-874">
         <name>__aeabi_ctype_table_</name>
         <value>0x20012620</value>
         <object_component_ref idref="oc-358"/>
      </symbol>
      <symbol id="sm-875">
         <name>__aeabi_ctype_table_C</name>
         <value>0x20012620</value>
         <object_component_ref idref="oc-358"/>
      </symbol>
      <symbol id="sm-88d">
         <name>__aeabi_dmul</name>
         <value>0x2000e185</value>
         <object_component_ref idref="oc-2be"/>
      </symbol>
      <symbol id="sm-88e">
         <name>__muldf3</name>
         <value>0x2000e185</value>
         <object_component_ref idref="oc-2be"/>
      </symbol>
      <symbol id="sm-894">
         <name>__aeabi_d2iz</name>
         <value>0x200100e5</value>
         <object_component_ref idref="oc-2c2"/>
      </symbol>
      <symbol id="sm-895">
         <name>__fixdfsi</name>
         <value>0x200100e5</value>
         <object_component_ref idref="oc-2c2"/>
      </symbol>
      <symbol id="sm-89b">
         <name>__aeabi_i2d</name>
         <value>0x20010da5</value>
         <object_component_ref idref="oc-2ba"/>
      </symbol>
      <symbol id="sm-89c">
         <name>__floatsidf</name>
         <value>0x20010da5</value>
         <object_component_ref idref="oc-2ba"/>
      </symbol>
      <symbol id="sm-8a2">
         <name>__aeabi_memcpy</name>
         <value>0x20011bb1</value>
         <object_component_ref idref="oc-3c"/>
      </symbol>
      <symbol id="sm-8a3">
         <name>__aeabi_memcpy4</name>
         <value>0x20011bb1</value>
         <object_component_ref idref="oc-3c"/>
      </symbol>
      <symbol id="sm-8a4">
         <name>__aeabi_memcpy8</name>
         <value>0x20011bb1</value>
         <object_component_ref idref="oc-3c"/>
      </symbol>
      <symbol id="sm-8ad">
         <name>__aeabi_memset</name>
         <value>0x20011b0d</value>
         <object_component_ref idref="oc-314"/>
      </symbol>
      <symbol id="sm-8ae">
         <name>__aeabi_memset4</name>
         <value>0x20011b0d</value>
         <object_component_ref idref="oc-314"/>
      </symbol>
      <symbol id="sm-8af">
         <name>__aeabi_memset8</name>
         <value>0x20011b0d</value>
         <object_component_ref idref="oc-314"/>
      </symbol>
      <symbol id="sm-8b0">
         <name>__aeabi_memclr</name>
         <value>0x20011b61</value>
         <object_component_ref idref="oc-67"/>
      </symbol>
      <symbol id="sm-8b1">
         <name>__aeabi_memclr4</name>
         <value>0x20011b61</value>
         <object_component_ref idref="oc-67"/>
      </symbol>
      <symbol id="sm-8b2">
         <name>__aeabi_memclr8</name>
         <value>0x20011b61</value>
         <object_component_ref idref="oc-67"/>
      </symbol>
      <symbol id="sm-8b8">
         <name>__aeabi_uldivmod</name>
         <value>0x20011779</value>
         <object_component_ref idref="oc-22d"/>
      </symbol>
      <symbol id="sm-8be">
         <name>__udivmoddi4</name>
         <value>0x2000e919</value>
         <object_component_ref idref="oc-2cf"/>
      </symbol>
      <symbol id="sm-8c9">
         <name>__aeabi_ldiv0</name>
         <value>0x2000f837</value>
         <object_component_ref idref="oc-33b"/>
      </symbol>
      <symbol id="sm-8d2">
         <name>TI_memcpy_small</name>
         <value>0x2001187b</value>
         <object_component_ref idref="oc-81"/>
      </symbol>
      <symbol id="sm-8da">
         <name>TI_memset_small</name>
         <value>0x20011a01</value>
         <object_component_ref idref="oc-9e"/>
      </symbol>
      <symbol id="sm-8db">
         <name>__TI_static_base__</name>
         <value>0x20013380</value>
      </symbol>
      <symbol id="sm-8de">
         <name>ITM_flush</name>
         <value>0x0</value>
      </symbol>
      <symbol id="sm-8df">
         <name>ITM_restore</name>
         <value>0x0</value>
      </symbol>
      <symbol id="sm-8e0">
         <name>__mpu_init</name>
         <value>0x0</value>
      </symbol>
      <symbol id="sm-8e1">
         <name>_system_post_cinit</name>
         <value>0x0</value>
      </symbol>
   </symbol_table>
   <title>Link successful</title>
</link_info>
